../Core/Src/main.c:172:5:main	6
../Core/Src/main.c:380:6:SystemClock_Config	4
../Core/Src/main.c:440:13:MX_SPI1_Init	2
../Core/Src/main.c:488:13:MX_TIM1_Init	4
../Core/Src/main.c:535:13:MX_TIM2_Init	4
../Core/Src/main.c:580:13:MX_UART4_Init	5
../Core/Src/main.c:628:13:MX_UART5_Init	5
../Core/Src/main.c:676:13:MX_UART7_Init	5
../Core/Src/main.c:724:13:MX_USART2_UART_Init	5
../Core/Src/main.c:772:13:MX_GPIO_Init	1
../Core/Src/main.c:842:13:MX_SSD1680_Init	1
../Core/Src/main.c:862:6:HAL_UART_RxCpltCallback	18
../Core/Src/main.c:950:6:HAL_TIM_PeriodElapsedCallback	3
../Core/Src/main.c:978:6:parse_gpgga	22
../Core/Src/main.c:1051:6:Handle_BT_Command	1
../Core/Src/main.c:1060:6:HM10_Process	12
../Core/Src/main.c:1141:6:Parse_WiFi_Line	9
../Core/Src/main.c:1193:6:Display_WiFi_List	3
../Core/Src/main.c:1221:6:Process_WiFi_Data	4
../Core/Src/main.c:1262:6:epd_ticket_handler	18
../Core/Src/main.c:1351:6:debug_disp	1
../Core/Src/main.c:1364:6:generate_upscaled_qr	6
../Core/Src/main.c:1391:7:sta_code_decoder	164
../Core/Src/main.c:1724:6:relu	3
../Core/Src/main.c:1730:6:softmax	5
../Core/Src/main.c:1741:5:mlp_forward_pass	9
../Core/Src/main.c:1806:6:MPU_Config	1
../Core/Src/main.c:1839:6:Error_Handler	1
../Core/Src/main.c:1858:6:assert_failed	1
