../Core/Src/main.c:185:5:main	352	static
../Core/Src/main.c:381:6:SystemClock_Config	120	static
../Core/Src/main.c:441:13:MX_SPI1_Init	8	static
../Core/Src/main.c:489:13:MX_TIM1_Init	40	static
../Core/Src/main.c:536:13:MX_TIM2_Init	40	static
../Core/Src/main.c:581:13:MX_UART4_Init	8	static
../Core/Src/main.c:629:13:MX_UART5_Init	8	static
../Core/Src/main.c:677:13:MX_UART7_Init	8	static
../Core/Src/main.c:725:13:MX_USART2_UART_Init	8	static
../Core/Src/main.c:773:13:MX_USART3_UART_Init	8	static
../Core/Src/main.c:821:13:MX_GPIO_Init	56	static
../Core/Src/main.c:891:13:MX_SSD1680_Init	8	static
../Core/Src/main.c:911:6:HAL_UART_RxCpltCallback	288	static
../Core/Src/main.c:1003:6:HAL_TIM_PeriodElapsedCallback	72	static
../Core/Src/main.c:1030:6:parse_gpgga	184	static
../Core/Src/main.c:1103:6:Handle_BT_Command	88	static
../Core/Src/main.c:1112:6:HM10_Process	72	static
../Core/Src/main.c:1193:6:Parse_WiFi_Line	72	static
../Core/Src/main.c:1245:6:Display_WiFi_List	216	static
../Core/Src/main.c:1273:6:Process_WiFi_Data	152	static
../Core/Src/main.c:1314:6:epd_ticket_handler	72	static
../Core/Src/main.c:1418:6:debug_disp	32	static
../Core/Src/main.c:1431:6:generate_upscaled_qr	80	static
../Core/Src/main.c:1483:6:generate_v7_upscale	56	static
../Core/Src/main.c:1537:7:sta_code_decoder	24	static
../Core/Src/main.c:1870:6:relu	24	static
../Core/Src/main.c:1876:6:softmax	48	static
../Core/Src/main.c:1887:5:mlp_forward_pass	528	static
../Core/Src/main.c:1952:6:MPU_Config	24	static
../Core/Src/main.c:1983:6:Error_Handler	4	static,ignoring_inline_asm
../Core/Src/main.c:2002:6:assert_failed	16	static
