../Core/Src/main.c:173:5:main	424	static
../Core/Src/main.c:381:6:SystemClock_Config	120	static
../Core/Src/main.c:441:13:MX_SPI1_Init	8	static
../Core/Src/main.c:489:13:MX_TIM1_Init	40	static
../Core/Src/main.c:536:13:MX_TIM2_Init	40	static
../Core/Src/main.c:581:13:MX_UART4_Init	8	static
../Core/Src/main.c:629:13:MX_UART5_Init	8	static
../Core/Src/main.c:677:13:MX_UART7_Init	8	static
../Core/Src/main.c:725:13:MX_USART2_UART_Init	8	static
../Core/Src/main.c:773:13:MX_GPIO_Init	56	static
../Core/Src/main.c:843:13:MX_SSD1680_Init	8	static
../Core/Src/main.c:863:6:HAL_UART_RxCpltCallback	32	static
../Core/Src/main.c:951:6:HAL_TIM_PeriodElapsedCallback	72	static
../Core/Src/main.c:979:6:parse_gpgga	184	static
../Core/Src/main.c:1052:6:Handle_BT_Command	88	static
../Core/Src/main.c:1061:6:HM10_Process	72	static
../Core/Src/main.c:1142:6:Parse_WiFi_Line	72	static
../Core/Src/main.c:1194:6:Display_WiFi_List	216	static
../Core/Src/main.c:1222:6:Process_WiFi_Data	152	static
../Core/Src/main.c:1263:6:epd_ticket_handler	64	static
../Core/Src/main.c:1352:6:debug_disp	32	static
../Core/Src/main.c:1365:6:generate_upscaled_qr	72	static
../Core/Src/main.c:1392:6:generate_v7_upscale	72	static
../Core/Src/main.c:1439:7:sta_code_decoder	24	static
../Core/Src/main.c:1772:6:relu	24	static
../Core/Src/main.c:1778:6:softmax	48	static
../Core/Src/main.c:1789:5:mlp_forward_pass	528	static
../Core/Src/main.c:1854:6:MPU_Config	24	static
../Core/Src/main.c:1887:6:Error_Handler	4	static,ignoring_inline_asm
../Core/Src/main.c:1906:6:assert_failed	16	static
