../Core/Src/main.c:138:5:main	424	static
../Core/Src/main.c:341:6:SystemClock_Config	120	static
../Core/Src/main.c:401:13:MX_SPI1_Init	8	static
../Core/Src/main.c:449:13:MX_TIM1_Init	40	static
../Core/Src/main.c:496:13:MX_TIM2_Init	40	static
../Core/Src/main.c:541:13:MX_UART4_Init	8	static
../Core/Src/main.c:589:13:MX_UART5_Init	8	static
../Core/Src/main.c:637:13:MX_UART7_Init	8	static
../Core/Src/main.c:685:13:MX_USART2_UART_Init	8	static
../Core/Src/main.c:733:13:MX_GPIO_Init	56	static
../Core/Src/main.c:803:13:MX_SSD1680_Init	8	static
../Core/Src/main.c:823:6:HAL_UART_RxCpltCallback	32	static
../Core/Src/main.c:911:6:HAL_TIM_PeriodElapsedCallback	72	static
../Core/Src/main.c:939:6:parse_gpgga	184	static
../Core/Src/main.c:1012:6:Handle_BT_Command	88	static
../Core/Src/main.c:1021:6:HM10_Process	72	static
../Core/Src/main.c:1102:6:Parse_WiFi_Line	72	static
../Core/Src/main.c:1155:6:Display_WiFi_List	216	static
../Core/Src/main.c:1184:6:Process_WiFi_Data	152	static
../Core/Src/main.c:1225:6:epd_ticket_handler	56	static
../Core/Src/main.c:1304:6:debug_disp	32	static
../Core/Src/main.c:1317:7:sta_code_decoder	24	static
../Core/Src/main.c:1364:6:relu	24	static
../Core/Src/main.c:1370:6:softmax	48	static
../Core/Src/main.c:1381:5:mlp_forward_pass	528	static
../Core/Src/main.c:1446:6:MPU_Config	24	static
../Core/Src/main.c:1479:6:Error_Handler	4	static,ignoring_inline_asm
../Core/Src/main.c:1498:6:assert_failed	16	static
