../Core/Src/main.c:156:5:main	392	static
../Core/Src/main.c:372:6:SystemClock_Config	120	static
../Core/Src/main.c:432:13:MX_SPI1_Init	8	static
../Core/Src/main.c:480:13:MX_TIM1_Init	40	static
../Core/Src/main.c:527:13:MX_TIM2_Init	40	static
../Core/Src/main.c:572:13:MX_UART4_Init	8	static
../Core/Src/main.c:620:13:MX_UART5_Init	8	static
../Core/Src/main.c:668:13:MX_UART7_Init	8	static
../Core/Src/main.c:716:13:MX_USART2_UART_Init	8	static
../Core/Src/main.c:764:13:MX_GPIO_Init	56	static
../Core/Src/main.c:834:13:MX_SSD1680_Init	8	static
../Core/Src/main.c:854:6:HAL_UART_RxCpltCallback	24	static
../Core/Src/main.c:942:6:HAL_TIM_PeriodElapsedCallback	32	static
../Core/Src/main.c:970:6:parse_gpgga	80	static
../Core/Src/main.c:1043:6:Handle_BT_Command	16	static
../Core/Src/main.c:1052:6:HM10_Process	16	static
../Core/Src/main.c:1133:6:Parse_WiFi_Line	72	static
../Core/Src/main.c:1186:6:Display_WiFi_List	4	static
../Core/Src/main.c:1215:6:Process_WiFi_Data	16	static
../Core/Src/main.c:1256:6:epd_ticket_handler	64	static
../Core/Src/main.c:1339:6:debug_disp	32	static
../Core/Src/main.c:1352:6:unpack_to_epd_format	56	static
../Core/Src/main.c:1378:7:sta_code_decoder	24	static
../Core/Src/main.c:1711:6:relu	24	static
../Core/Src/main.c:1717:6:softmax	48	static
../Core/Src/main.c:1728:5:mlp_forward_pass	528	static
../Core/Src/main.c:1793:6:MPU_Config	24	static
../Core/Src/main.c:1826:6:Error_Handler	4	static,ignoring_inline_asm
../Core/Src/main.c:1845:6:assert_failed	16	static
