../Core/Src/main.c:137:5:main	288	static
../Core/Src/main.c:317:6:SystemClock_Config	120	static
../Core/Src/main.c:377:13:MX_SPI1_Init	8	static
../Core/Src/main.c:425:13:MX_TIM1_Init	40	static
../Core/Src/main.c:472:13:MX_TIM2_Init	40	static
../Core/Src/main.c:517:13:MX_UART4_Init	8	static
../Core/Src/main.c:565:13:MX_UART5_Init	8	static
../Core/Src/main.c:613:13:MX_UART7_Init	8	static
../Core/Src/main.c:661:13:MX_USART2_UART_Init	8	static
../Core/Src/main.c:709:13:MX_GPIO_Init	56	static
../Core/Src/main.c:779:13:MX_SSD1680_Init	8	static
../Core/Src/main.c:799:6:HAL_UART_RxCpltCallback	32	static
../Core/Src/main.c:887:6:HAL_TIM_PeriodElapsedCallback	72	static
../Core/Src/main.c:915:6:parse_gpgga	184	static
../Core/Src/main.c:988:6:Handle_BT_Command	88	static
../Core/Src/main.c:997:6:HM10_Process	72	static
../Core/Src/main.c:1078:6:Parse_WiFi_Line	72	static
../Core/Src/main.c:1131:6:Display_WiFi_List	216	static
../Core/Src/main.c:1160:6:Process_WiFi_Data	152	static
../Core/Src/main.c:1201:6:epd_ticket_handler	32	static
../Core/Src/main.c:1213:6:debug_disp	32	static
../Core/Src/main.c:1226:6:relu	24	static
../Core/Src/main.c:1232:6:softmax	48	static
../Core/Src/main.c:1244:5:mlp_forward_pass	528	static
../Core/Src/main.c:1309:6:MPU_Config	24	static
../Core/Src/main.c:1342:6:Error_Handler	4	static,ignoring_inline_asm
../Core/Src/main.c:1361:6:assert_failed	16	static
