../Core/Src/main.c:185:5:main	360	static
../Core/Src/main.c:377:6:SystemClock_Config	120	static
../Core/Src/main.c:437:13:MX_SPI1_Init	8	static
../Core/Src/main.c:485:13:MX_TIM1_Init	40	static
../Core/Src/main.c:532:13:MX_TIM2_Init	40	static
../Core/Src/main.c:577:13:MX_UART4_Init	8	static
../Core/Src/main.c:625:13:MX_UART5_Init	8	static
../Core/Src/main.c:673:13:MX_UART7_Init	8	static
../Core/Src/main.c:721:13:MX_USART2_UART_Init	8	static
../Core/Src/main.c:769:13:MX_USART3_UART_Init	8	static
../Core/Src/main.c:817:13:MX_GPIO_Init	56	static
../Core/Src/main.c:887:13:MX_SSD1680_Init	8	static
../Core/Src/main.c:907:6:HAL_UART_RxCpltCallback	280	static
../Core/Src/main.c:999:6:HAL_TIM_PeriodElapsedCallback	32	static
../Core/Src/main.c:1026:6:parse_gpgga	80	static
../Core/Src/main.c:1099:6:Handle_BT_Command	16	static
../Core/Src/main.c:1108:6:HM10_Process	16	static
../Core/Src/main.c:1189:6:Parse_WiFi_Line	72	static
../Core/Src/main.c:1241:6:Display_WiFi_List	4	static
../Core/Src/main.c:1269:6:Process_WiFi_Data	16	static
../Core/Src/main.c:1310:6:epd_ticket_handler	72	static
../Core/Src/main.c:1414:6:debug_disp	32	static
../Core/Src/main.c:1427:6:generate_upscaled_qr	80	static
../Core/Src/main.c:1479:6:generate_v7_upscale	56	static
../Core/Src/main.c:1533:7:sta_code_decoder	24	static
../Core/Src/main.c:1866:6:relu	24	static
../Core/Src/main.c:1872:6:softmax	48	static
../Core/Src/main.c:1883:5:mlp_forward_pass	528	static
../Core/Src/main.c:1948:6:MPU_Config	24	static
../Core/Src/main.c:1979:6:Error_Handler	4	static,ignoring_inline_asm
../Core/Src/main.c:1998:6:assert_failed	16	static
