../Core/Src/main.c:133:5:main	128	static
../Core/Src/main.c:259:6:SystemClock_Config	120	static
../Core/Src/main.c:319:13:MX_SPI1_Init	8	static
../Core/Src/main.c:367:13:MX_TIM1_Init	40	static
../Core/Src/main.c:414:13:MX_TIM2_Init	40	static
../Core/Src/main.c:459:13:MX_UART4_Init	8	static
../Core/Src/main.c:507:13:MX_UART5_Init	8	static
../Core/Src/main.c:555:13:MX_UART7_Init	8	static
../Core/Src/main.c:603:13:MX_USART2_UART_Init	8	static
../Core/Src/main.c:651:13:MX_GPIO_Init	56	static
../Core/Src/main.c:721:13:MX_SSD1680_Init	8	static
../Core/Src/main.c:741:6:HAL_UART_RxCpltCallback	32	static
../Core/Src/main.c:829:6:HAL_TIM_PeriodElapsedCallback	72	static
../Core/Src/main.c:857:6:parse_gpgga	184	static
../Core/Src/main.c:930:6:Handle_BT_Command	88	static
../Core/Src/main.c:939:6:HM10_Process	72	static
../Core/Src/main.c:1020:6:Parse_WiFi_Line	72	static
../Core/Src/main.c:1073:6:Display_WiFi_List	216	static
../Core/Src/main.c:1102:6:Process_WiFi_Data	152	static
../Core/Src/main.c:1144:6:epd_ticket_handler	32	static
../Core/Src/main.c:1155:6:debug_disp	32	static
../Core/Src/main.c:1167:6:relu	24	static
../Core/Src/main.c:1174:6:softmax	48	static
../Core/Src/main.c:1186:5:mlp_forward_pass	528	static
../Core/Src/main.c:1251:6:MPU_Config	24	static
../Core/Src/main.c:1284:6:Error_Handler	4	static,ignoring_inline_asm
../Core/Src/main.c:1303:6:assert_failed	16	static
