../Core/Src/main.c:103:5:main	208	static
../Core/Src/main.c:216:6:SystemClock_Config	120	static
../Core/Src/main.c:276:13:MX_SPI1_Init	8	static
../Core/Src/main.c:325:13:MX_TIM1_Init	40	static
../Core/Src/main.c:372:13:MX_TIM2_Init	40	static
../Core/Src/main.c:417:13:MX_UART4_Init	8	static
../Core/Src/main.c:465:13:MX_UART5_Init	8	static
../Core/Src/main.c:513:13:MX_UART7_Init	8	static
../Core/Src/main.c:561:13:MX_USART2_UART_Init	8	static
../Core/Src/main.c:609:13:MX_GPIO_Init	56	static
../Core/Src/main.c:669:13:MX_SSD1680_Init	8	static
../Core/Src/main.c:688:6:HAL_UART_RxCpltCallback	16	static
../Core/Src/main.c:735:6:parse_gpgga	184	static
../Core/Src/main.c:808:6:HM10_Process	16	static
../Core/Src/main.c:834:6:HAL_TIM_PeriodElapsedCallback	64	static
../Core/Src/main.c:852:6:MPU_Config	24	static
../Core/Src/main.c:883:6:Error_Handler	4	static,ignoring_inline_asm
../Core/Src/main.c:902:6:assert_failed	16	static
