../Core/Src/main.c:185:5:main	384	static
../Core/Src/main.c:405:6:SystemClock_Config	120	static
../Core/Src/main.c:465:13:MX_SPI1_Init	8	static
../Core/Src/main.c:513:13:MX_TIM1_Init	40	static
../Core/Src/main.c:560:13:MX_TIM2_Init	40	static
../Core/Src/main.c:605:13:MX_UART4_Init	8	static
../Core/Src/main.c:653:13:MX_UART5_Init	8	static
../Core/Src/main.c:701:13:MX_UART7_Init	8	static
../Core/Src/main.c:749:13:MX_USART2_UART_Init	8	static
../Core/Src/main.c:797:13:MX_USART3_UART_Init	8	static
../Core/Src/main.c:845:13:MX_GPIO_Init	56	static
../Core/Src/main.c:915:13:MX_SSD1680_Init	8	static
../Core/Src/main.c:935:6:HAL_UART_RxCpltCallback	288	static
../Core/Src/main.c:1027:6:HAL_TIM_PeriodElapsedCallback	72	static
../Core/Src/main.c:1054:6:parse_gpgga	184	static
../Core/Src/main.c:1127:6:Handle_BT_Command	88	static
../Core/Src/main.c:1136:6:HM10_Process	72	static
../Core/Src/main.c:1217:6:Parse_WiFi_Line	72	static
../Core/Src/main.c:1269:6:Display_WiFi_List	216	static
../Core/Src/main.c:1297:6:Process_WiFi_Data	152	static
../Core/Src/main.c:1338:6:epd_ticket_handler	72	static
../Core/Src/main.c:1442:6:debug_disp	32	static
../Core/Src/main.c:1455:6:generate_upscaled_qr	80	static
../Core/Src/main.c:1507:6:generate_v7_upscale	56	static
../Core/Src/main.c:1561:7:sta_code_decoder	24	static
../Core/Src/main.c:1894:6:relu	24	static
../Core/Src/main.c:1900:6:softmax	48	static
../Core/Src/main.c:1911:5:mlp_forward_pass	528	static
../Core/Src/main.c:1976:6:MPU_Config	24	static
../Core/Src/main.c:2007:6:Error_Handler	4	static,ignoring_inline_asm
../Core/Src/main.c:2026:6:assert_failed	16	static
