../Core/Src/main.c:137:5:main	304	static
../Core/Src/main.c:326:6:SystemClock_Config	120	static
../Core/Src/main.c:386:13:MX_SPI1_Init	8	static
../Core/Src/main.c:434:13:MX_TIM1_Init	40	static
../Core/Src/main.c:481:13:MX_TIM2_Init	40	static
../Core/Src/main.c:526:13:MX_UART4_Init	8	static
../Core/Src/main.c:574:13:MX_UART5_Init	8	static
../Core/Src/main.c:622:13:MX_UART7_Init	8	static
../Core/Src/main.c:670:13:MX_USART2_UART_Init	8	static
../Core/Src/main.c:718:13:MX_GPIO_Init	56	static
../Core/Src/main.c:788:13:MX_SSD1680_Init	8	static
../Core/Src/main.c:808:6:HAL_UART_RxCpltCallback	32	static
../Core/Src/main.c:896:6:HAL_TIM_PeriodElapsedCallback	72	static
../Core/Src/main.c:924:6:parse_gpgga	184	static
../Core/Src/main.c:997:6:Handle_BT_Command	88	static
../Core/Src/main.c:1006:6:HM10_Process	72	static
../Core/Src/main.c:1087:6:Parse_WiFi_Line	72	static
../Core/Src/main.c:1140:6:Display_WiFi_List	216	static
../Core/Src/main.c:1169:6:Process_WiFi_Data	152	static
../Core/Src/main.c:1210:6:epd_ticket_handler	32	static
../Core/Src/main.c:1222:6:debug_disp	32	static
../Core/Src/main.c:1235:7:train_code_decoder	24	static
../Core/Src/main.c:1282:6:relu	24	static
../Core/Src/main.c:1288:6:softmax	48	static
../Core/Src/main.c:1300:5:mlp_forward_pass	528	static
../Core/Src/main.c:1365:6:MPU_Config	24	static
../Core/Src/main.c:1398:6:Error_Handler	4	static,ignoring_inline_asm
../Core/Src/main.c:1417:6:assert_failed	16	static
