../Core/Src/main.c:137:5:main	304	static
../Core/Src/main.c:333:6:SystemClock_Config	120	static
../Core/Src/main.c:393:13:MX_SPI1_Init	8	static
../Core/Src/main.c:441:13:MX_TIM1_Init	40	static
../Core/Src/main.c:488:13:MX_TIM2_Init	40	static
../Core/Src/main.c:533:13:MX_UART4_Init	8	static
../Core/Src/main.c:581:13:MX_UART5_Init	8	static
../Core/Src/main.c:629:13:MX_UART7_Init	8	static
../Core/Src/main.c:677:13:MX_USART2_UART_Init	8	static
../Core/Src/main.c:725:13:MX_GPIO_Init	56	static
../Core/Src/main.c:795:13:MX_SSD1680_Init	8	static
../Core/Src/main.c:815:6:HAL_UART_RxCpltCallback	32	static
../Core/Src/main.c:903:6:HAL_TIM_PeriodElapsedCallback	72	static
../Core/Src/main.c:931:6:parse_gpgga	184	static
../Core/Src/main.c:1004:6:Handle_BT_Command	88	static
../Core/Src/main.c:1013:6:HM10_Process	72	static
../Core/Src/main.c:1094:6:Parse_WiFi_Line	72	static
../Core/Src/main.c:1147:6:Display_WiFi_List	216	static
../Core/Src/main.c:1176:6:Process_WiFi_Data	152	static
../Core/Src/main.c:1217:6:epd_ticket_handler	32	static
../Core/Src/main.c:1237:6:debug_disp	32	static
../Core/Src/main.c:1250:7:sta_code_decoder	24	static
../Core/Src/main.c:1297:6:relu	24	static
../Core/Src/main.c:1303:6:softmax	48	static
../Core/Src/main.c:1315:5:mlp_forward_pass	528	static
../Core/Src/main.c:1380:6:MPU_Config	24	static
../Core/Src/main.c:1413:6:Error_Handler	4	static,ignoring_inline_asm
../Core/Src/main.c:1432:6:assert_failed	16	static
