../Core/Src/main.c:172:5:main	424	static
../Core/Src/main.c:380:6:SystemClock_Config	120	static
../Core/Src/main.c:440:13:MX_SPI1_Init	8	static
../Core/Src/main.c:488:13:MX_TIM1_Init	40	static
../Core/Src/main.c:535:13:MX_TIM2_Init	40	static
../Core/Src/main.c:580:13:MX_UART4_Init	8	static
../Core/Src/main.c:628:13:MX_UART5_Init	8	static
../Core/Src/main.c:676:13:MX_UART7_Init	8	static
../Core/Src/main.c:724:13:MX_USART2_UART_Init	8	static
../Core/Src/main.c:772:13:MX_GPIO_Init	56	static
../Core/Src/main.c:842:13:MX_SSD1680_Init	8	static
../Core/Src/main.c:862:6:HAL_UART_RxCpltCallback	32	static
../Core/Src/main.c:950:6:HAL_TIM_PeriodElapsedCallback	72	static
../Core/Src/main.c:978:6:parse_gpgga	184	static
../Core/Src/main.c:1051:6:Handle_BT_Command	88	static
../Core/Src/main.c:1060:6:HM10_Process	72	static
../Core/Src/main.c:1141:6:Parse_WiFi_Line	72	static
../Core/Src/main.c:1193:6:Display_WiFi_List	216	static
../Core/Src/main.c:1221:6:Process_WiFi_Data	152	static
../Core/Src/main.c:1262:6:epd_ticket_handler	64	static
../Core/Src/main.c:1351:6:debug_disp	32	static
../Core/Src/main.c:1364:6:generate_upscaled_qr	72	static
../Core/Src/main.c:1391:7:sta_code_decoder	24	static
../Core/Src/main.c:1724:6:relu	24	static
../Core/Src/main.c:1730:6:softmax	48	static
../Core/Src/main.c:1741:5:mlp_forward_pass	528	static
../Core/Src/main.c:1806:6:MPU_Config	24	static
../Core/Src/main.c:1839:6:Error_Handler	4	static,ignoring_inline_asm
../Core/Src/main.c:1858:6:assert_failed	16	static
