../Core/Src/main.c:157:5:main	21416	static
../Core/Src/main.c:374:6:SystemClock_Config	120	static
../Core/Src/main.c:434:13:MX_SPI1_Init	8	static
../Core/Src/main.c:482:13:MX_TIM1_Init	40	static
../Core/Src/main.c:529:13:MX_TIM2_Init	40	static
../Core/Src/main.c:574:13:MX_UART4_Init	8	static
../Core/Src/main.c:622:13:MX_UART5_Init	8	static
../Core/Src/main.c:670:13:MX_UART7_Init	8	static
../Core/Src/main.c:718:13:MX_USART2_UART_Init	8	static
../Core/Src/main.c:766:13:MX_GPIO_Init	56	static
../Core/Src/main.c:836:13:MX_SSD1680_Init	8	static
../Core/Src/main.c:856:6:HAL_UART_RxCpltCallback	24	static
../Core/Src/main.c:944:6:HAL_TIM_PeriodElapsedCallback	32	static
../Core/Src/main.c:972:6:parse_gpgga	80	static
../Core/Src/main.c:1045:6:Handle_BT_Command	16	static
../Core/Src/main.c:1054:6:HM10_Process	16	static
../Core/Src/main.c:1135:6:Parse_WiFi_Line	72	static
../Core/Src/main.c:1188:6:Display_WiFi_List	4	static
../Core/Src/main.c:1217:6:Process_WiFi_Data	16	static
../Core/Src/main.c:1258:6:epd_ticket_handler	64	static
../Core/Src/main.c:1341:6:debug_disp	32	static
../Core/Src/main.c:1354:6:unpack_to_buffer	48	static
../Core/Src/main.c:1376:7:sta_code_decoder	24	static
../Core/Src/main.c:1709:6:relu	24	static
../Core/Src/main.c:1715:6:softmax	48	static
../Core/Src/main.c:1726:5:mlp_forward_pass	528	static
../Core/Src/main.c:1791:6:MPU_Config	24	static
../Core/Src/main.c:1824:6:Error_Handler	4	static,ignoring_inline_asm
../Core/Src/main.c:1843:6:assert_failed	16	static
