../Core/Src/main.c:157:5:main	424	static
../Core/Src/main.c:365:6:SystemClock_Config	120	static
../Core/Src/main.c:425:13:MX_SPI1_Init	8	static
../Core/Src/main.c:473:13:MX_TIM1_Init	40	static
../Core/Src/main.c:520:13:MX_TIM2_Init	40	static
../Core/Src/main.c:565:13:MX_UART4_Init	8	static
../Core/Src/main.c:613:13:MX_UART5_Init	8	static
../Core/Src/main.c:661:13:MX_UART7_Init	8	static
../Core/Src/main.c:709:13:MX_USART2_UART_Init	8	static
../Core/Src/main.c:757:13:MX_GPIO_Init	56	static
../Core/Src/main.c:827:13:MX_SSD1680_Init	8	static
../Core/Src/main.c:847:6:HAL_UART_RxCpltCallback	32	static
../Core/Src/main.c:935:6:HAL_TIM_PeriodElapsedCallback	72	static
../Core/Src/main.c:963:6:parse_gpgga	184	static
../Core/Src/main.c:1036:6:Handle_BT_Command	88	static
../Core/Src/main.c:1045:6:HM10_Process	72	static
../Core/Src/main.c:1126:6:Parse_WiFi_Line	72	static
../Core/Src/main.c:1179:6:Display_WiFi_List	216	static
../Core/Src/main.c:1208:6:Process_WiFi_Data	152	static
../Core/Src/main.c:1249:6:epd_ticket_handler	64	static
../Core/Src/main.c:1332:6:debug_disp	32	static
../Core/Src/main.c:1345:6:unpack_to_buffer	48	static
../Core/Src/main.c:1367:7:sta_code_decoder	24	static
../Core/Src/main.c:1700:6:relu	24	static
../Core/Src/main.c:1706:6:softmax	48	static
../Core/Src/main.c:1717:5:mlp_forward_pass	528	static
../Core/Src/main.c:1782:6:MPU_Config	24	static
../Core/Src/main.c:1815:6:Error_Handler	4	static,ignoring_inline_asm
../Core/Src/main.c:1834:6:assert_failed	16	static
