../Core/Src/main.c:187:5:main	384	static
../Core/Src/main.c:370:6:SystemClock_Config	120	static
../Core/Src/main.c:430:13:MX_SPI1_Init	8	static
../Core/Src/main.c:478:13:MX_TIM1_Init	40	static
../Core/Src/main.c:525:13:MX_TIM2_Init	40	static
../Core/Src/main.c:570:13:MX_UART4_Init	8	static
../Core/Src/main.c:618:13:MX_UART5_Init	8	static
../Core/Src/main.c:666:13:MX_UART7_Init	8	static
../Core/Src/main.c:714:13:MX_USART2_UART_Init	8	static
../Core/Src/main.c:762:13:MX_USART3_UART_Init	8	static
../Core/Src/main.c:808:13:MX_DMA_Init	16	static
../Core/Src/main.c:826:13:MX_GPIO_Init	56	static
../Core/Src/main.c:896:13:MX_SSD1680_Init	8	static
../Core/Src/main.c:916:6:HAL_UART_RxCpltCallback	288	static
../Core/Src/main.c:1019:6:HAL_UARTEx_RxEventCallback	16	static
../Core/Src/main.c:1030:6:HAL_TIM_PeriodElapsedCallback	72	static
../Core/Src/main.c:1058:6:parse_gpgga	184	static
../Core/Src/main.c:1131:6:Handle_BT_Command	88	static
../Core/Src/main.c:1140:6:HM10_Process	72	static
../Core/Src/main.c:1221:6:Parse_WiFi_Line	72	static
../Core/Src/main.c:1273:6:Display_WiFi_List	216	static
../Core/Src/main.c:1301:6:Process_WiFi_Data	152	static
../Core/Src/main.c:1342:6:epd_ticket_handler	72	static
../Core/Src/main.c:1447:6:debug_disp	32	static
../Core/Src/main.c:1460:6:generate_upscaled_qr	72	static
../Core/Src/main.c:1487:6:generate_v7_upscale	56	static
../Core/Src/main.c:1541:7:sta_code_decoder	24	static
../Core/Src/main.c:1874:6:relu	24	static
../Core/Src/main.c:1880:6:softmax	48	static
../Core/Src/main.c:1891:5:mlp_forward_pass	528	static
../Core/Src/main.c:1956:6:MPU_Config	24	static
../Core/Src/main.c:1987:6:Error_Handler	4	static,ignoring_inline_asm
../Core/Src/main.c:2006:6:assert_failed	16	static
