../Core/Src/main.c:183:5:main	6
../Core/Src/main.c:391:6:SystemClock_Config	4
../Core/Src/main.c:451:13:MX_SPI1_Init	2
../Core/Src/main.c:499:13:MX_TIM1_Init	4
../Core/Src/main.c:546:13:MX_TIM2_Init	4
../Core/Src/main.c:591:13:MX_UART4_Init	5
../Core/Src/main.c:639:13:MX_UART5_Init	5
../Core/Src/main.c:687:13:MX_UART7_Init	5
../Core/Src/main.c:735:13:MX_USART2_UART_Init	5
../Core/Src/main.c:783:13:MX_GPIO_Init	1
../Core/Src/main.c:853:13:MX_SSD1680_Init	1
../Core/Src/main.c:873:6:HAL_UART_RxCpltCallback	18
../Core/Src/main.c:961:6:HAL_TIM_PeriodElapsedCallback	3
../Core/Src/main.c:989:6:parse_gpgga	22
../Core/Src/main.c:1062:6:Handle_BT_Command	1
../Core/Src/main.c:1071:6:HM10_Process	12
../Core/Src/main.c:1152:6:Parse_WiFi_Line	9
../Core/Src/main.c:1204:6:Display_WiFi_List	3
../Core/Src/main.c:1232:6:Process_WiFi_Data	4
../Core/Src/main.c:1273:6:epd_ticket_handler	18
../Core/Src/main.c:1364:6:debug_disp	1
../Core/Src/main.c:1377:6:generate_upscaled_qr	6
../Core/Src/main.c:1403:6:generate_v7_upscale	6
../Core/Src/main.c:1439:7:sta_code_decoder	164
../Core/Src/main.c:1772:6:relu	3
../Core/Src/main.c:1778:6:softmax	5
../Core/Src/main.c:1789:5:mlp_forward_pass	9
../Core/Src/main.c:1854:6:MPU_Config	1
../Core/Src/main.c:1887:6:Error_Handler	1
../Core/Src/main.c:1906:6:assert_failed	1
