../Core/Src/main.c:189:5:main	376	static
../Core/Src/main.c:373:6:SystemClock_Config	120	static
../Core/Src/main.c:433:13:MX_SPI1_Init	8	static
../Core/Src/main.c:481:13:MX_TIM1_Init	40	static
../Core/Src/main.c:528:13:MX_TIM2_Init	40	static
../Core/Src/main.c:573:13:MX_UART4_Init	8	static
../Core/Src/main.c:621:13:MX_UART5_Init	8	static
../Core/Src/main.c:669:13:MX_UART7_Init	8	static
../Core/Src/main.c:717:13:MX_USART2_UART_Init	8	static
../Core/Src/main.c:765:13:MX_USART3_UART_Init	8	static
../Core/Src/main.c:811:13:MX_DMA_Init	16	static
../Core/Src/main.c:829:13:MX_GPIO_Init	56	static
../Core/Src/main.c:899:13:MX_SSD1680_Init	8	static
../Core/Src/main.c:919:6:HAL_UART_RxCpltCallback	288	static
../Core/Src/main.c:1022:6:HAL_UARTEx_RxEventCallback	16	static
../Core/Src/main.c:1033:6:HAL_TIM_PeriodElapsedCallback	72	static
../Core/Src/main.c:1061:6:parse_gpgga	184	static
../Core/Src/main.c:1134:6:Handle_BT_Command	88	static
../Core/Src/main.c:1143:6:HM10_Process	72	static
../Core/Src/main.c:1224:6:Parse_WiFi_Line	72	static
../Core/Src/main.c:1276:6:Display_WiFi_List	216	static
../Core/Src/main.c:1304:6:Process_WiFi_Data	152	static
../Core/Src/main.c:1345:6:epd_ticket_handler	72	static
../Core/Src/main.c:1450:6:debug_disp	32	static
../Core/Src/main.c:1463:6:generate_upscaled_qr	72	static
../Core/Src/main.c:1490:6:generate_v7_upscale	56	static
../Core/Src/main.c:1544:7:sta_code_decoder	24	static
../Core/Src/main.c:1877:6:relu	24	static
../Core/Src/main.c:1883:6:softmax	48	static
../Core/Src/main.c:1894:5:mlp_forward_pass	528	static
../Core/Src/main.c:1959:6:MPU_Config	24	static
../Core/Src/main.c:1990:6:Error_Handler	4	static,ignoring_inline_asm
../Core/Src/main.c:2009:6:assert_failed	16	static
