../Core/Src/main.c:187:5:main	384	static
../Core/Src/main.c:375:6:SystemClock_Config	120	static
../Core/Src/main.c:435:13:MX_SPI1_Init	8	static
../Core/Src/main.c:483:13:MX_TIM1_Init	40	static
../Core/Src/main.c:530:13:MX_TIM2_Init	40	static
../Core/Src/main.c:575:13:MX_UART4_Init	8	static
../Core/Src/main.c:623:13:MX_UART5_Init	8	static
../Core/Src/main.c:671:13:MX_UART7_Init	8	static
../Core/Src/main.c:719:13:MX_USART2_UART_Init	8	static
../Core/Src/main.c:767:13:MX_USART3_UART_Init	8	static
../Core/Src/main.c:813:13:MX_DMA_Init	16	static
../Core/Src/main.c:831:13:MX_GPIO_Init	56	static
../Core/Src/main.c:901:13:MX_SSD1680_Init	8	static
../Core/Src/main.c:921:6:HAL_UART_RxCpltCallback	288	static
../Core/Src/main.c:1023:6:HAL_TIM_PeriodElapsedCallback	72	static
../Core/Src/main.c:1051:6:parse_gpgga	184	static
../Core/Src/main.c:1124:6:Handle_BT_Command	88	static
../Core/Src/main.c:1133:6:HM10_Process	72	static
../Core/Src/main.c:1214:6:Parse_WiFi_Line	72	static
../Core/Src/main.c:1266:6:Display_WiFi_List	216	static
../Core/Src/main.c:1294:6:Process_WiFi_Data	152	static
../Core/Src/main.c:1335:6:epd_ticket_handler	72	static
../Core/Src/main.c:1440:6:debug_disp	32	static
../Core/Src/main.c:1453:6:generate_upscaled_qr	72	static
../Core/Src/main.c:1480:6:generate_v7_upscale	56	static
../Core/Src/main.c:1534:7:sta_code_decoder	24	static
../Core/Src/main.c:1867:6:relu	24	static
../Core/Src/main.c:1873:6:softmax	48	static
../Core/Src/main.c:1884:5:mlp_forward_pass	528	static
../Core/Src/main.c:1949:6:MPU_Config	24	static
../Core/Src/main.c:1980:6:Error_Handler	4	static,ignoring_inline_asm
../Core/Src/main.c:1999:6:assert_failed	16	static
