../Core/Src/main.c:131:5:main	144	static
../Core/Src/main.c:264:6:SystemClock_Config	120	static
../Core/Src/main.c:324:13:MX_SPI1_Init	8	static
../Core/Src/main.c:372:13:MX_TIM1_Init	40	static
../Core/Src/main.c:419:13:MX_TIM2_Init	40	static
../Core/Src/main.c:464:13:MX_UART4_Init	8	static
../Core/Src/main.c:512:13:MX_UART5_Init	8	static
../Core/Src/main.c:560:13:MX_UART7_Init	8	static
../Core/Src/main.c:608:13:MX_USART2_UART_Init	8	static
../Core/Src/main.c:656:13:MX_GPIO_Init	56	static
../Core/Src/main.c:726:13:MX_SSD1680_Init	8	static
../Core/Src/main.c:746:6:HAL_UART_RxCpltCallback	32	static
../Core/Src/main.c:834:6:HAL_TIM_PeriodElapsedCallback	72	static
../Core/Src/main.c:862:6:parse_gpgga	184	static
../Core/Src/main.c:935:6:Handle_BT_Command	88	static
../Core/Src/main.c:944:6:HM10_Process	72	static
../Core/Src/main.c:1025:6:Parse_WiFi_Line	72	static
../Core/Src/main.c:1078:6:Display_WiFi_List	216	static
../Core/Src/main.c:1107:6:Process_WiFi_Data	152	static
../Core/Src/main.c:1149:6:epd_ticket_handler	24	static
../Core/Src/main.c:1155:6:relu	24	static
../Core/Src/main.c:1162:6:softmax	48	static
../Core/Src/main.c:1174:5:mlp_forward_pass	528	static
../Core/Src/main.c:1241:6:MPU_Config	24	static
../Core/Src/main.c:1274:6:Error_Handler	4	static,ignoring_inline_asm
../Core/Src/main.c:1293:6:assert_failed	16	static
