../Core/Src/main.c:187:5:main	408	static
../Core/Src/main.c:369:6:SystemClock_Config	120	static
../Core/Src/main.c:429:13:MX_SPI1_Init	8	static
../Core/Src/main.c:477:13:MX_TIM1_Init	40	static
../Core/Src/main.c:524:13:MX_TIM2_Init	40	static
../Core/Src/main.c:569:13:MX_UART4_Init	8	static
../Core/Src/main.c:617:13:MX_UART5_Init	8	static
../Core/Src/main.c:665:13:MX_UART7_Init	8	static
../Core/Src/main.c:713:13:MX_USART2_UART_Init	8	static
../Core/Src/main.c:761:13:MX_USART3_UART_Init	8	static
../Core/Src/main.c:807:13:MX_DMA_Init	16	static
../Core/Src/main.c:825:13:MX_GPIO_Init	56	static
../Core/Src/main.c:895:13:MX_SSD1680_Init	8	static
../Core/Src/main.c:915:6:HAL_UART_RxCpltCallback	280	static
../Core/Src/main.c:1007:6:HAL_TIM_PeriodElapsedCallback	32	static
../Core/Src/main.c:1035:6:parse_gpgga	80	static
../Core/Src/main.c:1108:6:Handle_BT_Command	16	static
../Core/Src/main.c:1117:6:HM10_Process	16	static
../Core/Src/main.c:1198:6:Parse_WiFi_Line	72	static
../Core/Src/main.c:1250:6:Display_WiFi_List	4	static
../Core/Src/main.c:1278:6:Process_WiFi_Data	16	static
../Core/Src/main.c:1319:6:epd_ticket_handler	72	static
../Core/Src/main.c:1423:6:debug_disp	32	static
../Core/Src/main.c:1436:6:generate_upscaled_qr	72	static
../Core/Src/main.c:1463:6:generate_v7_upscale	56	static
../Core/Src/main.c:1517:7:sta_code_decoder	24	static
../Core/Src/main.c:1850:6:relu	24	static
../Core/Src/main.c:1856:6:softmax	48	static
../Core/Src/main.c:1867:5:mlp_forward_pass	528	static
../Core/Src/main.c:1932:6:MPU_Config	24	static
../Core/Src/main.c:1963:6:Error_Handler	4	static,ignoring_inline_asm
../Core/Src/main.c:1982:6:assert_failed	16	static
