../Core/Src/main.c:133:5:main	232	static
../Core/Src/main.c:282:6:SystemClock_Config	120	static
../Core/Src/main.c:342:13:MX_SPI1_Init	8	static
../Core/Src/main.c:390:13:MX_TIM1_Init	40	static
../Core/Src/main.c:437:13:MX_TIM2_Init	40	static
../Core/Src/main.c:482:13:MX_UART4_Init	8	static
../Core/Src/main.c:530:13:MX_UART5_Init	8	static
../Core/Src/main.c:578:13:MX_UART7_Init	8	static
../Core/Src/main.c:626:13:MX_USART2_UART_Init	8	static
../Core/Src/main.c:674:13:MX_GPIO_Init	56	static
../Core/Src/main.c:744:13:MX_SSD1680_Init	8	static
../Core/Src/main.c:764:6:HAL_UART_RxCpltCallback	32	static
../Core/Src/main.c:852:6:HAL_TIM_PeriodElapsedCallback	72	static
../Core/Src/main.c:880:6:parse_gpgga	184	static
../Core/Src/main.c:953:6:Handle_BT_Command	88	static
../Core/Src/main.c:962:6:HM10_Process	72	static
../Core/Src/main.c:1043:6:Parse_WiFi_Line	72	static
../Core/Src/main.c:1096:6:Display_WiFi_List	216	static
../Core/Src/main.c:1125:6:Process_WiFi_Data	152	static
../Core/Src/main.c:1166:6:epd_ticket_handler	32	static
../Core/Src/main.c:1177:6:debug_disp	32	static
../Core/Src/main.c:1189:6:relu	24	static
../Core/Src/main.c:1195:6:softmax	48	static
../Core/Src/main.c:1207:5:mlp_forward_pass	528	static
../Core/Src/main.c:1272:6:MPU_Config	24	static
../Core/Src/main.c:1305:6:Error_Handler	4	static,ignoring_inline_asm
../Core/Src/main.c:1324:6:assert_failed	16	static
