../Core/Src/main.c:157:5:main	424	static
../Core/Src/main.c:373:6:SystemClock_Config	120	static
../Core/Src/main.c:433:13:MX_SPI1_Init	8	static
../Core/Src/main.c:481:13:MX_TIM1_Init	40	static
../Core/Src/main.c:528:13:MX_TIM2_Init	40	static
../Core/Src/main.c:573:13:MX_UART4_Init	8	static
../Core/Src/main.c:621:13:MX_UART5_Init	8	static
../Core/Src/main.c:669:13:MX_UART7_Init	8	static
../Core/Src/main.c:717:13:MX_USART2_UART_Init	8	static
../Core/Src/main.c:765:13:MX_GPIO_Init	56	static
../Core/Src/main.c:835:13:MX_SSD1680_Init	8	static
../Core/Src/main.c:855:6:HAL_UART_RxCpltCallback	32	static
../Core/Src/main.c:943:6:HAL_TIM_PeriodElapsedCallback	72	static
../Core/Src/main.c:971:6:parse_gpgga	184	static
../Core/Src/main.c:1044:6:Handle_BT_Command	88	static
../Core/Src/main.c:1053:6:HM10_Process	72	static
../Core/Src/main.c:1134:6:Parse_WiFi_Line	72	static
../Core/Src/main.c:1187:6:Display_WiFi_List	216	static
../Core/Src/main.c:1216:6:Process_WiFi_Data	152	static
../Core/Src/main.c:1257:6:epd_ticket_handler	64	static
../Core/Src/main.c:1339:6:debug_disp	32	static
../Core/Src/main.c:1352:6:generate_upscaled_qr	56	static
../Core/Src/main.c:1387:7:sta_code_decoder	24	static
../Core/Src/main.c:1720:6:relu	24	static
../Core/Src/main.c:1726:6:softmax	48	static
../Core/Src/main.c:1737:5:mlp_forward_pass	528	static
../Core/Src/main.c:1802:6:MPU_Config	24	static
../Core/Src/main.c:1835:6:Error_Handler	4	static,ignoring_inline_asm
../Core/Src/main.c:1854:6:assert_failed	16	static
