../Core/Src/main.c:182:5:main	416	static
../Core/Src/main.c:350:6:SystemClock_Config	120	static
../Core/Src/main.c:410:13:MX_SPI1_Init	8	static
../Core/Src/main.c:458:13:MX_TIM1_Init	40	static
../Core/Src/main.c:505:13:MX_TIM2_Init	40	static
../Core/Src/main.c:550:13:MX_UART4_Init	8	static
../Core/Src/main.c:598:13:MX_UART5_Init	8	static
../Core/Src/main.c:646:13:MX_UART7_Init	8	static
../Core/Src/main.c:694:13:MX_USART2_UART_Init	8	static
../Core/Src/main.c:742:13:MX_GPIO_Init	56	static
../Core/Src/main.c:812:13:MX_SSD1680_Init	8	static
../Core/Src/main.c:832:6:HAL_UART_RxCpltCallback	32	static
../Core/Src/main.c:920:6:HAL_TIM_PeriodElapsedCallback	72	static
../Core/Src/main.c:948:6:parse_gpgga	184	static
../Core/Src/main.c:1021:6:Handle_BT_Command	88	static
../Core/Src/main.c:1030:6:HM10_Process	72	static
../Core/Src/main.c:1111:6:Parse_WiFi_Line	72	static
../Core/Src/main.c:1163:6:Display_WiFi_List	216	static
../Core/Src/main.c:1191:6:Process_WiFi_Data	152	static
../Core/Src/main.c:1232:6:epd_ticket_handler	72	static
../Core/Src/main.c:1337:6:debug_disp	32	static
../Core/Src/main.c:1350:6:generate_upscaled_qr	72	static
../Core/Src/main.c:1377:6:generate_v7_upscale	64	static
../Core/Src/main.c:1431:7:sta_code_decoder	24	static
../Core/Src/main.c:1764:6:relu	24	static
../Core/Src/main.c:1770:6:softmax	48	static
../Core/Src/main.c:1781:5:mlp_forward_pass	528	static
../Core/Src/main.c:1846:6:MPU_Config	24	static
../Core/Src/main.c:1879:6:Error_Handler	4	static,ignoring_inline_asm
../Core/Src/main.c:1898:6:assert_failed	16	static
