../Core/Src/main.c:174:5:main	424	static
../Core/Src/main.c:382:6:SystemClock_Config	120	static
../Core/Src/main.c:442:13:MX_SPI1_Init	8	static
../Core/Src/main.c:490:13:MX_TIM1_Init	40	static
../Core/Src/main.c:537:13:MX_TIM2_Init	40	static
../Core/Src/main.c:582:13:MX_UART4_Init	8	static
../Core/Src/main.c:630:13:MX_UART5_Init	8	static
../Core/Src/main.c:678:13:MX_UART7_Init	8	static
../Core/Src/main.c:726:13:MX_USART2_UART_Init	8	static
../Core/Src/main.c:774:13:MX_GPIO_Init	56	static
../Core/Src/main.c:844:13:MX_SSD1680_Init	8	static
../Core/Src/main.c:864:6:HAL_UART_RxCpltCallback	32	static
../Core/Src/main.c:952:6:HAL_TIM_PeriodElapsedCallback	72	static
../Core/Src/main.c:980:6:parse_gpgga	184	static
../Core/Src/main.c:1053:6:Handle_BT_Command	88	static
../Core/Src/main.c:1062:6:HM10_Process	72	static
../Core/Src/main.c:1143:6:Parse_WiFi_Line	72	static
../Core/Src/main.c:1195:6:Display_WiFi_List	216	static
../Core/Src/main.c:1223:6:Process_WiFi_Data	152	static
../Core/Src/main.c:1264:6:epd_ticket_handler	64	static
../Core/Src/main.c:1353:6:debug_disp	32	static
../Core/Src/main.c:1366:6:generate_upscaled_qr	72	static
../Core/Src/main.c:1392:6:generate_v7_upscale	48	static
../Core/Src/main.c:1428:7:sta_code_decoder	24	static
../Core/Src/main.c:1761:6:relu	24	static
../Core/Src/main.c:1767:6:softmax	48	static
../Core/Src/main.c:1778:5:mlp_forward_pass	528	static
../Core/Src/main.c:1843:6:MPU_Config	24	static
../Core/Src/main.c:1876:6:Error_Handler	4	static,ignoring_inline_asm
../Core/Src/main.c:1895:6:assert_failed	16	static
