../Core/Src/main.c:138:5:main	424	static
../Core/Src/main.c:345:6:SystemClock_Config	120	static
../Core/Src/main.c:405:13:MX_SPI1_Init	8	static
../Core/Src/main.c:453:13:MX_TIM1_Init	40	static
../Core/Src/main.c:500:13:MX_TIM2_Init	40	static
../Core/Src/main.c:545:13:MX_UART4_Init	8	static
../Core/Src/main.c:593:13:MX_UART5_Init	8	static
../Core/Src/main.c:641:13:MX_UART7_Init	8	static
../Core/Src/main.c:689:13:MX_USART2_UART_Init	8	static
../Core/Src/main.c:737:13:MX_GPIO_Init	56	static
../Core/Src/main.c:807:13:MX_SSD1680_Init	8	static
../Core/Src/main.c:827:6:HAL_UART_RxCpltCallback	32	static
../Core/Src/main.c:915:6:HAL_TIM_PeriodElapsedCallback	72	static
../Core/Src/main.c:943:6:parse_gpgga	184	static
../Core/Src/main.c:1016:6:Handle_BT_Command	88	static
../Core/Src/main.c:1025:6:HM10_Process	72	static
../Core/Src/main.c:1106:6:Parse_WiFi_Line	72	static
../Core/Src/main.c:1159:6:Display_WiFi_List	216	static
../Core/Src/main.c:1188:6:Process_WiFi_Data	152	static
../Core/Src/main.c:1229:6:epd_ticket_handler	56	static
../Core/Src/main.c:1308:6:debug_disp	32	static
../Core/Src/main.c:1321:7:sta_code_decoder	24	static
../Core/Src/main.c:1511:6:relu	24	static
../Core/Src/main.c:1517:6:softmax	48	static
../Core/Src/main.c:1528:5:mlp_forward_pass	528	static
../Core/Src/main.c:1593:6:MPU_Config	24	static
../Core/Src/main.c:1626:6:Error_Handler	4	static,ignoring_inline_asm
../Core/Src/main.c:1645:6:assert_failed	16	static
