../Core/Src/main.c:137:5:main	432	static
../Core/Src/main.c:340:6:SystemClock_Config	120	static
../Core/Src/main.c:400:13:MX_SPI1_Init	8	static
../Core/Src/main.c:448:13:MX_TIM1_Init	40	static
../Core/Src/main.c:495:13:MX_TIM2_Init	40	static
../Core/Src/main.c:540:13:MX_UART4_Init	8	static
../Core/Src/main.c:588:13:MX_UART5_Init	8	static
../Core/Src/main.c:636:13:MX_UART7_Init	8	static
../Core/Src/main.c:684:13:MX_USART2_UART_Init	8	static
../Core/Src/main.c:732:13:MX_GPIO_Init	56	static
../Core/Src/main.c:802:13:MX_SSD1680_Init	8	static
../Core/Src/main.c:822:6:HAL_UART_RxCpltCallback	32	static
../Core/Src/main.c:910:6:HAL_TIM_PeriodElapsedCallback	72	static
../Core/Src/main.c:938:6:parse_gpgga	184	static
../Core/Src/main.c:1011:6:Handle_BT_Command	88	static
../Core/Src/main.c:1020:6:HM10_Process	72	static
../Core/Src/main.c:1101:6:Parse_WiFi_Line	72	static
../Core/Src/main.c:1154:6:Display_WiFi_List	216	static
../Core/Src/main.c:1183:6:Process_WiFi_Data	152	static
../Core/Src/main.c:1224:6:epd_ticket_handler	40	static
../Core/Src/main.c:1284:6:debug_disp	32	static
../Core/Src/main.c:1297:7:sta_code_decoder	24	static
../Core/Src/main.c:1344:6:relu	24	static
../Core/Src/main.c:1350:6:softmax	48	static
../Core/Src/main.c:1361:5:mlp_forward_pass	528	static
../Core/Src/main.c:1426:6:MPU_Config	24	static
../Core/Src/main.c:1459:6:Error_Handler	4	static,ignoring_inline_asm
../Core/Src/main.c:1478:6:assert_failed	16	static
