../Core/Src/main.c:122:5:main	216	static
../Core/Src/main.c:254:6:SystemClock_Config	120	static
../Core/Src/main.c:314:13:MX_SPI1_Init	8	static
../Core/Src/main.c:362:13:MX_TIM1_Init	40	static
../Core/Src/main.c:409:13:MX_TIM2_Init	40	static
../Core/Src/main.c:454:13:MX_UART4_Init	8	static
../Core/Src/main.c:502:13:MX_UART5_Init	8	static
../Core/Src/main.c:550:13:MX_UART7_Init	8	static
../Core/Src/main.c:598:13:MX_USART2_UART_Init	8	static
../Core/Src/main.c:646:13:MX_GPIO_Init	56	static
../Core/Src/main.c:716:13:MX_SSD1680_Init	8	static
../Core/Src/main.c:736:6:HAL_UART_RxCpltCallback	32	static
../Core/Src/main.c:824:6:parse_gpgga	184	static
../Core/Src/main.c:897:6:Handle_BT_Command	96	static
../Core/Src/main.c:923:6:HM10_Process	72	static
../Core/Src/main.c:1004:6:Parse_WiFi_Line	72	static
../Core/Src/main.c:1057:6:Display_WiFi_List	216	static
../Core/Src/main.c:1097:6:Process_WiFi_Data	152	static
../Core/Src/main.c:1140:6:HAL_TIM_PeriodElapsedCallback	72	static
../Core/Src/main.c:1172:6:MPU_Config	24	static
../Core/Src/main.c:1203:6:Error_Handler	4	static,ignoring_inline_asm
../Core/Src/main.c:1222:6:assert_failed	16	static
