Archive member included to satisfy reference by file (symbol)

C:/ST/STM32CubeIDE_1.19.0/STM32CubeIDE/plugins/com.st.stm32cube.ide.mcu.externaltools.gnu-tools-for-stm32.13.3.rel1.win32_1.0.0.202411081344/tools/bin/../lib/gcc/arm-none-eabi/13.3.1/../../../../arm-none-eabi/lib/thumb/v7e-m+dp/hard\libc_nano.a(libc_a-exit.o)
                              C:/ST/STM32CubeIDE_1.19.0/STM32CubeIDE/plugins/com.st.stm32cube.ide.mcu.externaltools.gnu-tools-for-stm32.13.3.rel1.win32_1.0.0.202411081344/tools/bin/../lib/gcc/arm-none-eabi/13.3.1/../../../../arm-none-eabi/lib/thumb/v7e-m+dp/hard/crt0.o (exit)
C:/ST/STM32CubeIDE_1.19.0/STM32CubeIDE/plugins/com.st.stm32cube.ide.mcu.externaltools.gnu-tools-for-stm32.13.3.rel1.win32_1.0.0.202411081344/tools/bin/../lib/gcc/arm-none-eabi/13.3.1/../../../../arm-none-eabi/lib/thumb/v7e-m+dp/hard\libc_nano.a(libc_a-findfp.o)
                              C:/ST/STM32CubeIDE_1.19.0/STM32CubeIDE/plugins/com.st.stm32cube.ide.mcu.externaltools.gnu-tools-for-stm32.13.3.rel1.win32_1.0.0.202411081344/tools/bin/../lib/gcc/arm-none-eabi/13.3.1/../../../../arm-none-eabi/lib/thumb/v7e-m+dp/hard\libc_nano.a(libc_a-exit.o) (__stdio_exit_handler)
C:/ST/STM32CubeIDE_1.19.0/STM32CubeIDE/plugins/com.st.stm32cube.ide.mcu.externaltools.gnu-tools-for-stm32.13.3.rel1.win32_1.0.0.202411081344/tools/bin/../lib/gcc/arm-none-eabi/13.3.1/../../../../arm-none-eabi/lib/thumb/v7e-m+dp/hard\libc_nano.a(libc_a-fwalk.o)
                              C:/ST/STM32CubeIDE_1.19.0/STM32CubeIDE/plugins/com.st.stm32cube.ide.mcu.externaltools.gnu-tools-for-stm32.13.3.rel1.win32_1.0.0.202411081344/tools/bin/../lib/gcc/arm-none-eabi/13.3.1/../../../../arm-none-eabi/lib/thumb/v7e-m+dp/hard\libc_nano.a(libc_a-findfp.o) (_fwalk_sglue)
C:/ST/STM32CubeIDE_1.19.0/STM32CubeIDE/plugins/com.st.stm32cube.ide.mcu.externaltools.gnu-tools-for-stm32.13.3.rel1.win32_1.0.0.202411081344/tools/bin/../lib/gcc/arm-none-eabi/13.3.1/../../../../arm-none-eabi/lib/thumb/v7e-m+dp/hard\libc_nano.a(libc_a-stdio.o)
                              C:/ST/STM32CubeIDE_1.19.0/STM32CubeIDE/plugins/com.st.stm32cube.ide.mcu.externaltools.gnu-tools-for-stm32.13.3.rel1.win32_1.0.0.202411081344/tools/bin/../lib/gcc/arm-none-eabi/13.3.1/../../../../arm-none-eabi/lib/thumb/v7e-m+dp/hard\libc_nano.a(libc_a-findfp.o) (__sread)
C:/ST/STM32CubeIDE_1.19.0/STM32CubeIDE/plugins/com.st.stm32cube.ide.mcu.externaltools.gnu-tools-for-stm32.13.3.rel1.win32_1.0.0.202411081344/tools/bin/../lib/gcc/arm-none-eabi/13.3.1/../../../../arm-none-eabi/lib/thumb/v7e-m+dp/hard\libc_nano.a(libc_a-memset.o)
                              C:/ST/STM32CubeIDE_1.19.0/STM32CubeIDE/plugins/com.st.stm32cube.ide.mcu.externaltools.gnu-tools-for-stm32.13.3.rel1.win32_1.0.0.202411081344/tools/bin/../lib/gcc/arm-none-eabi/13.3.1/../../../../arm-none-eabi/lib/thumb/v7e-m+dp/hard/crt0.o (memset)
C:/ST/STM32CubeIDE_1.19.0/STM32CubeIDE/plugins/com.st.stm32cube.ide.mcu.externaltools.gnu-tools-for-stm32.13.3.rel1.win32_1.0.0.202411081344/tools/bin/../lib/gcc/arm-none-eabi/13.3.1/../../../../arm-none-eabi/lib/thumb/v7e-m+dp/hard\libc_nano.a(libc_a-closer.o)
                              C:/ST/STM32CubeIDE_1.19.0/STM32CubeIDE/plugins/com.st.stm32cube.ide.mcu.externaltools.gnu-tools-for-stm32.13.3.rel1.win32_1.0.0.202411081344/tools/bin/../lib/gcc/arm-none-eabi/13.3.1/../../../../arm-none-eabi/lib/thumb/v7e-m+dp/hard\libc_nano.a(libc_a-stdio.o) (_close_r)
C:/ST/STM32CubeIDE_1.19.0/STM32CubeIDE/plugins/com.st.stm32cube.ide.mcu.externaltools.gnu-tools-for-stm32.13.3.rel1.win32_1.0.0.202411081344/tools/bin/../lib/gcc/arm-none-eabi/13.3.1/../../../../arm-none-eabi/lib/thumb/v7e-m+dp/hard\libc_nano.a(libc_a-reent.o)
                              C:/ST/STM32CubeIDE_1.19.0/STM32CubeIDE/plugins/com.st.stm32cube.ide.mcu.externaltools.gnu-tools-for-stm32.13.3.rel1.win32_1.0.0.202411081344/tools/bin/../lib/gcc/arm-none-eabi/13.3.1/../../../../arm-none-eabi/lib/thumb/v7e-m+dp/hard\libc_nano.a(libc_a-closer.o) (errno)
C:/ST/STM32CubeIDE_1.19.0/STM32CubeIDE/plugins/com.st.stm32cube.ide.mcu.externaltools.gnu-tools-for-stm32.13.3.rel1.win32_1.0.0.202411081344/tools/bin/../lib/gcc/arm-none-eabi/13.3.1/../../../../arm-none-eabi/lib/thumb/v7e-m+dp/hard\libc_nano.a(libc_a-impure.o)
                              C:/ST/STM32CubeIDE_1.19.0/STM32CubeIDE/plugins/com.st.stm32cube.ide.mcu.externaltools.gnu-tools-for-stm32.13.3.rel1.win32_1.0.0.202411081344/tools/bin/../lib/gcc/arm-none-eabi/13.3.1/../../../../arm-none-eabi/lib/thumb/v7e-m+dp/hard\libc_nano.a(libc_a-reent.o) (_impure_ptr)
C:/ST/STM32CubeIDE_1.19.0/STM32CubeIDE/plugins/com.st.stm32cube.ide.mcu.externaltools.gnu-tools-for-stm32.13.3.rel1.win32_1.0.0.202411081344/tools/bin/../lib/gcc/arm-none-eabi/13.3.1/../../../../arm-none-eabi/lib/thumb/v7e-m+dp/hard\libc_nano.a(libc_a-lseekr.o)
[...]
Memory Configuration

Name             Origin             Length             Attributes
FLASH            0x08000000         0x00200000         xr
DTCMRAM          0x20000000         0x00020000         xrw
RAM_D1           0x24000000         0x00080000         xrw
RAM_D2           0x30000000         0x00048000         xrw
RAM_D3           0x38000000         0x00010000         xrw
ITCMRAM          0x00000000         0x00010000         xrw
*default*        0x00000000         0xffffffff

Linker script and memory map

LOAD C:/ST/STM32CubeIDE_1.19.0/STM32CubeIDE/plugins/com.st.stm32cube.ide.mcu.externaltools.gnu-tools-for-stm32.13.3.rel1.win32_1.0.0.202411081344/tools/bin/../lib/gcc/arm-none-eabi/13.3.1/thumb/v7e-m+dp/hard/crti.o
LOAD C:/ST/STM32CubeIDE_1.19.0/STM32CubeIDE/plugins/com.st.stm32cube.ide.mcu.externaltools.gnu-tools-for-stm32.13.3.rel1.win32_1.0.0.202411081344/tools/bin/../lib/gcc/arm-none-eabi/13.3.1/thumb/v7e-m+dp/hard/crtbegin.o
LOAD C:/ST/STM32CubeIDE_1.19.0/STM32CubeIDE/plugins/com.st.stm32cube.ide.mcu.externaltools.gnu-tools-for-stm32.13.3.rel1.win32_1.0.0.202411081344/tools/bin/../lib/gcc/arm-none-eabi/13.3.1/../../../../arm-none-eabi/lib/thumb/v7e-m+dp/hard/crt0.o
LOAD ./Drivers/STM32H7xx_HAL_Driver/Src/stm32h7xx_hal.o
LOAD ./Drivers/STM32H7xx_HAL_Driver/Src/stm32h7xx_hal_cortex.o
LOAD ./Drivers/STM32H7xx_HAL_Driver/Src/stm32h7xx_hal_dma.o
LOAD ./Drivers/STM32H7xx_HAL_Driver/Src/stm32h7xx_hal_dma_ex.o
LOAD ./Drivers/STM32H7xx_HAL_Driver/Src/stm32h7xx_hal_exti.o
LOAD ./Drivers/STM32H7xx_HAL_Driver/Src/stm32h7xx_hal_flash.o
LOAD ./Drivers/STM32H7xx_HAL_Driver/Src/stm32h7xx_hal_flash_ex.o
LOAD ./Drivers/STM32H7xx_HAL_Driver/Src/stm32h7xx_hal_gpio.o
LOAD ./Drivers/STM32H7xx_HAL_Driver/Src/stm32h7xx_hal_hsem.o
LOAD ./Drivers/STM32H7xx_HAL_Driver/Src/stm32h7xx_hal_i2c.o
LOAD ./Drivers/STM32H7xx_HAL_Driver/Src/stm32h7xx_hal_i2c_ex.o
LOAD ./Drivers/STM32H7xx_HAL_Driver/Src/stm32h7xx_hal_mdma.o
LOAD ./Drivers/STM32H7xx_HAL_Driver/Src/stm32h7xx_hal_pwr.o
LOAD ./Drivers/STM32H7xx_HAL_Driver/Src/stm32h7xx_hal_pwr_ex.o
LOAD ./Drivers/STM32H7xx_HAL_Driver/Src/stm32h7xx_hal_rcc.o
LOAD ./Drivers/STM32H7xx_HAL_Driver/Src/stm32h7xx_hal_rcc_ex.o
LOAD ./Drivers/STM32H7xx_HAL_Driver/Src/stm32h7xx_hal_spi.o
LOAD ./Drivers/STM32H7xx_HAL_Driver/Src/stm32h7xx_hal_spi_ex.o
LOAD ./Drivers/STM32H7xx_HAL_Driver/Src/stm32h7xx_hal_tim.o
LOAD ./Drivers/STM32H7xx_HAL_Driver/Src/stm32h7xx_hal_tim_ex.o
LOAD ./Drivers/STM32H7xx_HAL_Driver/Src/stm32h7xx_hal_uart.o
LOAD ./Drivers/STM32H7xx_HAL_Driver/Src/stm32h7xx_hal_uart_ex.o
LOAD ./Src/gpio.o
LOAD ./Src/main.o
LOAD ./Src/spi.o
LOAD ./Src/stm32h7xx_hal_msp.o
LOAD ./Src/stm32h7xx_it.o
LOAD ./Src/syscalls.o
LOAD ./Src/sysmem.o
LOAD ./Src/system_stm32h7xx.o
LOAD ./Src/usart.o
LOAD ./Startup/startup_stm32h743vitx.o
START GROUP
LOAD C:/ST/STM32CubeIDE_1.19.0/STM32CubeIDE/plugins/com.st.stm32cube.ide.mcu.externaltools.gnu-tools-for-stm32.13.3.rel1.win32_1.0.0.202411081344/tools/bin/../lib/gcc/arm-none-eabi/13.3.1/../../../../arm-none-eabi/lib/thumb/v7e-m+dp/hard\libc_nano.a
LOAD C:/ST/STM32CubeIDE_1.19.0/STM32CubeIDE/plugins/com.st.stm32cube.ide.mcu.externaltools.gnu-tools-for-stm32.13.3.rel1.win32_1.0.0.202411081344/tools/bin/../lib/gcc/arm-none-eabi/13.3.1/../../../../arm-none-eabi/lib/thumb/v7e-m+dp/hard\libm.a
END GROUP
START GROUP
LOAD C:/ST/STM32CubeIDE_1.19.0/STM32CubeIDE/plugins/com.st.stm32cube.ide.mcu.externaltools.gnu-tools-for-stm32.13.3.rel1.win32_1.0.0.202411081344/tools/bin/../lib/gcc/arm-none-eabi/13.3.1/thumb/v7e-m+dp/hard\libgcc.a
LOAD C:/ST/STM32CubeIDE_1.19.0/STM32CubeIDE/plugins/com.st.stm32cube.ide.mcu.externaltools.gnu-tools-for-stm32.13.3.rel1.win32_1.0.0.202411081344/tools/bin/../lib/gcc/arm-none-eabi/13.3.1/../../../../arm-none-eabi/lib/thumb/v7e-m+dp/hard\libc_nano.a
END GROUP
START GROUP
LOAD C:/ST/STM32CubeIDE_1.19.0/STM32CubeIDE/plugins/com.st.stm32cube.ide.mcu.externaltools.gnu-tools-for-stm32.13.3.rel1.win32_1.0.0.202411081344/tools/bin/../lib/gcc/arm-none-eabi/13.3.1/thumb/v7e-m+dp/hard\libgcc.a
LOAD C:/ST/STM32CubeIDE_1.19.0/STM32CubeIDE/plugins/com.st.stm32cube.ide.mcu.externaltools.gnu-tools-for-stm32.13.3.rel1.win32_1.0.0.202411081344/tools/bin/../lib/gcc/arm-none-eabi/13.3.1/../../../../arm-none-eabi/lib/thumb/v7e-m+dp/hard\libc_nano.a
LOAD C:/ST/STM32CubeIDE_1.19.0/STM32CubeIDE/plugins/com.st.stm32cube.ide.mcu.externaltools.gnu-tools-for-stm32.13.3.rel1.win32_1.0.0.202411081344/tools/bin/../lib/gcc/arm-none-eabi/13.3.1/../../../../arm-none-eabi/lib/thumb/v7e-m+dp/hard\libnosys.a
END GROUP
START GROUP
LOAD C:/ST/STM32CubeIDE_1.19.0/STM32CubeIDE/plugins/com.st.stm32cube.ide.mcu.externaltools.gnu-tools-for-stm32.13.3.rel1.win32_1.0.0.202411081344/tools/bin/../lib/gcc/arm-none-eabi/13.3.1/thumb/v7e-m+dp/hard\libgcc.a
LOAD C:/ST/STM32CubeIDE_1.19.0/STM32CubeIDE/plugins/com.st.stm32cube.ide.mcu.externaltools.gnu-tools-for-stm32.13.3.rel1.win32_1.0.0.202411081344/tools/bin/../lib/gcc/arm-none-eabi/13.3.1/../../../../arm-none-eabi/lib/thumb/v7e-m+dp/hard\libc_nano.a
LOAD C:/ST/STM32CubeIDE_1.19.0/STM32CubeIDE/plugins/com.st.stm32cube.ide.mcu.externaltools.gnu-tools-for-stm32.13.3.rel1.win32_1.0.0.202411081344/tools/bin/../lib/gcc/arm-none-eabi/13.3.1/../../../../arm-none-eabi/lib/thumb/v7e-m+dp/hard\libnosys.a
END GROUP
LOAD C:/ST/STM32CubeIDE_1.19.0/STM32CubeIDE/plugins/com.st.stm32cube.ide.mcu.externaltools.gnu-tools-for-stm32.13.3.rel1.win32_1.0.0.202411081344/tools/bin/../lib/gcc/arm-none-eabi/13.3.1/thumb/v7e-m+dp/hard/crtend.o
LOAD C:/ST/STM32CubeIDE_1.19.0/STM32CubeIDE/plugins/com.st.stm32cube.ide.mcu.externaltools.gnu-tools-for-stm32.13.3.rel1.win32_1.0.0.202411081344/tools/bin/../lib/gcc/arm-none-eabi/13.3.1/thumb/v7e-m+dp/hard/crtn.o
                0x24080000                        _estack = (ORIGIN (RAM_D1) + LENGTH (RAM_D1))
                0x00000200                        _Min_Heap_Size = 0x200
                0x00000400                        _Min_Stack_Size = 0x400

.isr_vector     0x08000000      0x298
                0x08000000                        . = ALIGN (0x4)
 *(.isr_vector)
 .isr_vector    0x08000000      0x298 ./Startup/startup_stm32h743vitx.o
                0x08000000                g_pfnVectors
                0x08000298                        . = ALIGN (0x4)

.text           0x08000298     0x59bc
                0x08000298                        . = ALIGN (0x4)
 *(.text)
 .text          0x08000298       0x40 C:/ST/STM32CubeIDE_1.19.0/STM32CubeIDE/plugins/com.st.stm32cube.ide.mcu.externaltools.gnu-tools-for-stm32.13.3.rel1.win32_1.0.0.202411081344/tools/bin/../lib/gcc/arm-none-eabi/13.3.1/thumb/v7e-m+dp/hard/crtbegin.o
 .text          0x080002d8       0x30 C:/ST/STM32CubeIDE_1.19.0/STM32CubeIDE/plugins/com.st.stm32cube.ide.mcu.externaltools.gnu-tools-for-stm32.13.3.rel1.win32_1.0.0.202411081344/tools/bin/../lib/gcc/arm-none-eabi/13.3.1/thumb/v7e-m+dp/hard\libgcc.a(_aeabi_uldivmod.o)
                0x080002d8                __aeabi_uldivmod
 .text          0x08000308      0x2f8 C:/ST/STM32CubeIDE_1.19.0/STM32CubeIDE/plugins/com.st.stm32cube.ide.mcu.externaltools.gnu-tools-for-stm32.13.3.rel1.win32_1.0.0.202411081344/tools/bin/../lib/gcc/arm-none-eabi/13.3.1/thumb/v7e-m+dp/hard\libgcc.a(_udivmoddi4.o)
                0x08000308                __udivmoddi4
 .text          0x08000600        0x4 C:/ST/STM32CubeIDE_1.19.0/STM32CubeIDE/plugins/com.st.stm32cube.ide.mcu.externaltools.gnu-tools-for-stm32.13.3.rel1.win32_1.0.0.202411081344/tools/bin/../lib/gcc/arm-none-eabi/13.3.1/thumb/v7e-m+dp/hard\libgcc.a(_dvmd_tls.o)
                0x08000600                __aeabi_idiv0
                0x08000600                __aeabi_ldiv0
 *(.text*)
 .text.HAL_Init
                0x08000604       0x78 ./Drivers/STM32H7xx_HAL_Driver/Src/stm32h7xx_hal.o
                0x08000604                HAL_Init
 .text.HAL_InitTick
                0x0800067c       0x6c ./Drivers/STM32H7xx_HAL_Driver/Src/stm32h7xx_hal.o
                0x0800067c                HAL_InitTick
 .text.HAL_IncTick
                0x080006e8       0x28 ./Drivers/STM32H7xx_HAL_Driver/Src/stm32h7xx_hal.o
                0x080006e8                HAL_IncTick
 .text.HAL_GetTick
                0x08000710       0x18 ./Drivers/STM32H7xx_HAL_Driver/Src/stm32h7xx_hal.o
                0x08000710                HAL_GetTick
 .text.HAL_Delay
                0x08000728       0x48 ./Drivers/STM32H7xx_HAL_Driver/Src/stm32h7xx_hal.o
                0x08000728                HAL_Delay
 .text.HAL_GetREVID
                0x08000770       0x18 ./Drivers/STM32H7xx_HAL_Driver/Src/stm32h7xx_hal.o
                0x08000770                HAL_GetREVID
 .text.__NVIC_SetPriorityGrouping
                0x08000788       0x48 ./Drivers/STM32H7xx_HAL_Driver/Src/stm32h7xx_hal_cortex.o
 .text.__NVIC_GetPriorityGrouping
                0x080007d0       0x1c ./Drivers/STM32H7xx_HAL_Driver/Src/stm32h7xx_hal_cortex.o
 .text.__NVIC_SetPriority
                0x080007ec       0x54 ./Drivers/STM32H7xx_HAL_Driver/Src/stm32h7xx_hal_cortex.o
 .text.NVIC_EncodePriority
                0x08000840       0x66 ./Drivers/STM32H7xx_HAL_Driver/Src/stm32h7xx_hal_cortex.o
 *fill*         0x080008a6        0x2 
 .text.SysTick_Config
                0x080008a8       0x44 ./Drivers/STM32H7xx_HAL_Driver/Src/stm32h7xx_hal_cortex.o
 .text.HAL_NVIC_SetPriorityGrouping
                0x080008ec       0x16 ./Drivers/STM32H7xx_HAL_Driver/Src/stm32h7xx_hal_cortex.o
                0x080008ec                HAL_NVIC_SetPriorityGrouping
 .text.HAL_NVIC_SetPriority
                0x08000902       0x34 ./Drivers/STM32H7xx_HAL_Driver/Src/stm32h7xx_hal_cortex.o
                0x08000902                HAL_NVIC_SetPriority
 .text.HAL_SYSTICK_Config
                0x08000936       0x18 ./Drivers/STM32H7xx_HAL_Driver/Src/stm32h7xx_hal_cortex.o
                0x08000936                HAL_SYSTICK_Config
 *fill*         0x0800094e        0x2 
 .text.HAL_MPU_Disable
                0x08000950       0x30 ./Drivers/STM32H7xx_HAL_Driver/Src/stm32h7xx_hal_cortex.o
                0x08000950                HAL_MPU_Disable
 .text.HAL_MPU_Enable
                0x08000980       0x40 ./Drivers/STM32H7xx_HAL_Driver/Src/stm32h7xx_hal_cortex.o
                0x08000980                HAL_MPU_Enable
 .text.HAL_MPU_ConfigRegion
                0x080009c0       0x80 ./Drivers/STM32H7xx_HAL_Driver/Src/stm32h7xx_hal_cortex.o
                0x080009c0                HAL_MPU_ConfigRegion
 .text.HAL_GPIO_Init
                0x08000a40      0x360 ./Drivers/STM32H7xx_HAL_Driver/Src/stm32h7xx_hal_gpio.o
                0x08000a40                HAL_GPIO_Init
 .text.HAL_GPIO_WritePin
                0x08000da0       0x32 ./Drivers/STM32H7xx_HAL_Driver/Src/stm32h7xx_hal_gpio.o
                0x08000da0                HAL_GPIO_WritePin
 *fill*         0x08000dd2        0x2 
 .text.HAL_PWREx_ConfigSupply
                0x08000dd4       0x74 ./Drivers/STM32H7xx_HAL_Driver/Src/stm32h7xx_hal_pwr_ex.o
                0x08000dd4                HAL_PWREx_ConfigSupply
 .text.HAL_RCC_OscConfig
                0x08000e48      0x8b4 ./Drivers/STM32H7xx_HAL_Driver/Src/stm32h7xx_hal_rcc.o
                0x08000e48                HAL_RCC_OscConfig
 .text.HAL_RCC_ClockConfig
                0x080016fc      0x36c ./Drivers/STM32H7xx_HAL_Driver/Src/stm32h7xx_hal_rcc.o
                0x080016fc                HAL_RCC_ClockConfig
 .text.HAL_RCC_GetSysClockFreq
                0x08001a68      0x2f4 ./Drivers/STM32H7xx_HAL_Driver/Src/stm32h7xx_hal_rcc.o
                0x08001a68                HAL_RCC_GetSysClockFreq
 .text.HAL_RCC_GetHCLKFreq
                0x08001d5c       0x60 ./Drivers/STM32H7xx_HAL_Driver/Src/stm32h7xx_hal_rcc.o
                0x08001d5c                HAL_RCC_GetHCLKFreq
 .text.HAL_RCC_GetPCLK1Freq
                0x08001dbc       0x2c ./Drivers/STM32H7xx_HAL_Driver/Src/stm32h7xx_hal_rcc.o
                0x08001dbc                HAL_RCC_GetPCLK1Freq
 .text.HAL_RCC_GetPCLK2Freq
                0x08001de8       0x2c ./Drivers/STM32H7xx_HAL_Driver/Src/stm32h7xx_hal_rcc.o
                0x08001de8                HAL_RCC_GetPCLK2Freq
 .text.HAL_RCCEx_PeriphCLKConfig
                0x08001e14     0x1414 ./Drivers/STM32H7xx_HAL_Driver/Src/stm32h7xx_hal_rcc_ex.o
                0x08001e14                HAL_RCCEx_PeriphCLKConfig
 .text.HAL_RCCEx_GetD3PCLK1Freq
                0x08003228       0x2c ./Drivers/STM32H7xx_HAL_Driver/Src/stm32h7xx_hal_rcc_ex.o
                0x08003228                HAL_RCCEx_GetD3PCLK1Freq
 .text.HAL_RCCEx_GetPLL2ClockFreq
                0x08003254      0x2a8 ./Drivers/STM32H7xx_HAL_Driver/Src/stm32h7xx_hal_rcc_ex.o
                0x08003254                HAL_RCCEx_GetPLL2ClockFreq
 .text.HAL_RCCEx_GetPLL3ClockFreq
                0x080034fc      0x2a8 ./Drivers/STM32H7xx_HAL_Driver/Src/stm32h7xx_hal_rcc_ex.o
                0x080034fc                HAL_RCCEx_GetPLL3ClockFreq
 .text.RCCEx_PLL2_Config
                0x080037a4      0x164 ./Drivers/STM32H7xx_HAL_Driver/Src/stm32h7xx_hal_rcc_ex.o
 .text.RCCEx_PLL3_Config
                0x08003908      0x164 ./Drivers/STM32H7xx_HAL_Driver/Src/stm32h7xx_hal_rcc_ex.o
 .text.HAL_SPI_Init
                0x08003a6c      0x248 ./Drivers/STM32H7xx_HAL_Driver/Src/stm32h7xx_hal_spi.o
                0x08003a6c                HAL_SPI_Init
 .text.SPI_GetPacketSize
                0x08003cb4       0x36 ./Drivers/STM32H7xx_HAL_Driver/Src/stm32h7xx_hal_spi.o
 .text.HAL_UART_Init
                0x08003cea       0xa0 ./Drivers/STM32H7xx_HAL_Driver/Src/stm32h7xx_hal_uart.o
                0x08003cea                HAL_UART_Init
 .text.HAL_UART_Transmit
                0x08003d8a      0x11c ./Drivers/STM32H7xx_HAL_Driver/Src/stm32h7xx_hal_uart.o
                0x08003d8a                HAL_UART_Transmit
 .text.HAL_UART_Receive
                0x08003ea6      0x190 ./Drivers/STM32H7xx_HAL_Driver/Src/stm32h7xx_hal_uart.o
                0x08003ea6                HAL_UART_Receive
 *fill*         0x08004036        0x2 
 .text.UART_SetConfig
                0x08004038      0xad0 ./Drivers/STM32H7xx_HAL_Driver/Src/stm32h7xx_hal_uart.o
                0x08004038                UART_SetConfig
 .text.UART_AdvFeatureConfig
                0x08004b08      0x144 ./Drivers/STM32H7xx_HAL_Driver/Src/stm32h7xx_hal_uart.o
                0x08004b08                UART_AdvFeatureConfig
 .text.UART_CheckIdleState
                0x08004c4c      0x154 ./Drivers/STM32H7xx_HAL_Driver/Src/stm32h7xx_hal_uart.o
                0x08004c4c                UART_CheckIdleState
 .text.UART_WaitOnFlagUntilTimeout
                0x08004da0       0xda ./Drivers/STM32H7xx_HAL_Driver/Src/stm32h7xx_hal_uart.o
                0x08004da0                UART_WaitOnFlagUntilTimeout
 *fill*         0x08004e7a        0x2 
 .text.UART_EndRxTransfer
                0x08004e7c       0xcc ./Drivers/STM32H7xx_HAL_Driver/Src/stm32h7xx_hal_uart.o
 .text.HAL_UARTEx_DisableFifoMode
                0x08004f48       0x72 ./Drivers/STM32H7xx_HAL_Driver/Src/stm32h7xx_hal_uart_ex.o
                0x08004f48                HAL_UARTEx_DisableFifoMode
 .text.HAL_UARTEx_SetTxFifoThreshold
                0x08004fba       0x7c ./Drivers/STM32H7xx_HAL_Driver/Src/stm32h7xx_hal_uart_ex.o
                0x08004fba                HAL_UARTEx_SetTxFifoThreshold
 .text.HAL_UARTEx_SetRxFifoThreshold
                0x08005036       0x7c ./Drivers/STM32H7xx_HAL_Driver/Src/stm32h7xx_hal_uart_ex.o
                0x08005036                HAL_UARTEx_SetRxFifoThreshold
 *fill*         0x080050b2        0x2 
 .text.UARTEx_SetNbDataToProcess
                0x080050b4       0x9c ./Drivers/STM32H7xx_HAL_Driver/Src/stm32h7xx_hal_uart_ex.o
 .text.MX_GPIO_Init
                0x08005150       0xdc ./Src/gpio.o
                0x08005150                MX_GPIO_Init
 .text.main     0x0800522c       0x64 ./Src/main.o
                0x0800522c                main
 .text.SystemClock_Config
                0x08005290       0xf8 ./Src/main.o
                0x08005290                SystemClock_Config
 .text.MPU_Config
                0x08005388       0x58 ./Src/main.o
 .text.Error_Handler
                0x080053e0        0xc ./Src/main.o
                0x080053e0                Error_Handler
 .text.MX_SPI2_Init
                0x080053ec       0xac ./Src/spi.o
                0x080053ec                MX_SPI2_Init
 .text.HAL_SPI_MspInit
                0x08005498      0x11c ./Src/spi.o
                0x08005498                HAL_SPI_MspInit
 .text.HAL_MspInit
                0x080055b4       0x34 ./Src/stm32h7xx_hal_msp.o
                0x080055b4                HAL_MspInit
 .text.NMI_Handler
                0x080055e8        0x8 ./Src/stm32h7xx_it.o
                0x080055e8                NMI_Handler
 .text.HardFault_Handler
                0x080055f0        0x8 ./Src/stm32h7xx_it.o
                0x080055f0                HardFault_Handler
 .text.MemManage_Handler
                0x080055f8        0x8 ./Src/stm32h7xx_it.o
                0x080055f8                MemManage_Handler
 .text.BusFault_Handler
                0x08005600        0x8 ./Src/stm32h7xx_it.o
                0x08005600                BusFault_Handler
 .text.UsageFault_Handler
                0x08005608        0x8 ./Src/stm32h7xx_it.o
                0x08005608                UsageFault_Handler
 .text.SVC_Handler
                0x08005610        0xe ./Src/stm32h7xx_it.o
                0x08005610                SVC_Handler
 .text.DebugMon_Handler
                0x0800561e        0xe ./Src/stm32h7xx_it.o
                0x0800561e                DebugMon_Handler
 .text.PendSV_Handler
                0x0800562c        0xe ./Src/stm32h7xx_it.o
                0x0800562c                PendSV_Handler
 .text.SysTick_Handler
                0x0800563a        0xc ./Src/stm32h7xx_it.o
                0x0800563a                SysTick_Handler
 *fill*         0x08005646        0x2 
 .text.SystemInit
                0x08005648      0x140 ./Src/system_stm32h7xx.o
                0x08005648                SystemInit
 .text.ExitRun0Mode
                0x08005788       0x30 ./Src/system_stm32h7xx.o
                0x08005788                ExitRun0Mode
 .text.MX_UART4_Init
                0x080057b8       0x98 ./Src/usart.o
                0x080057b8                MX_UART4_Init
 .text.MX_UART5_Init
                0x08005850       0x98 ./Src/usart.o
                0x08005850                MX_UART5_Init
 .text.MX_UART7_Init
                0x080058e8       0x98 ./Src/usart.o
                0x080058e8                MX_UART7_Init
 .text.HAL_UART_MspInit
                0x08005980      0x20c ./Src/usart.o
                0x08005980                HAL_UART_MspInit
 .text.Reset_Handler
                0x08005b8c       0x54 ./Startup/startup_stm32h743vitx.o
                0x08005b8c                Reset_Handler
 .text.Default_Handler
                0x08005be0        0x2 ./Startup/startup_stm32h743vitx.o
                0x08005be0                RTC_Alarm_IRQHandler
                0x08005be0                EXTI2_IRQHandler
                0x08005be0                TIM8_CC_IRQHandler
                0x08005be0                HRTIM1_Master_IRQHandler
                0x08005be0                UART8_IRQHandler
                0x08005be0                SPI4_IRQHandler
                0x08005be0                TIM1_CC_IRQHandler
                0x08005be0                BDMA_Channel6_IRQHandler
                0x08005be0                DMA2_Stream5_IRQHandler
                0x08005be0                HRTIM1_FLT_IRQHandler
                0x08005be0                JPEG_IRQHandler
                0x08005be0                DMA1_Stream5_IRQHandler
                0x08005be0                BDMA_Channel1_IRQHandler
                0x08005be0                HRTIM1_TIMD_IRQHandler
                0x08005be0                TAMP_STAMP_IRQHandler
                0x08005be0                EXTI3_IRQHandler
                0x08005be0                LPTIM4_IRQHandler
                0x08005be0                TIM8_TRG_COM_TIM14_IRQHandler
                0x08005be0                LPTIM2_IRQHandler
                0x08005be0                DFSDM1_FLT1_IRQHandler
                0x08005be0                DMAMUX2_OVR_IRQHandler
                0x08005be0                TIM8_UP_TIM13_IRQHandler
                0x08005be0                I2C3_ER_IRQHandler
                0x08005be0                DFSDM1_FLT2_IRQHandler
                0x08005be0                MDMA_IRQHandler
                0x08005be0                LPTIM3_IRQHandler
                0x08005be0                HSEM1_IRQHandler
                0x08005be0                EXTI0_IRQHandler
                0x08005be0                I2C2_EV_IRQHandler
                0x08005be0                DMA1_Stream2_IRQHandler
                0x08005be0                FPU_IRQHandler
                0x08005be0                OTG_HS_WKUP_IRQHandler
                0x08005be0                FDCAN1_IT1_IRQHandler
                0x08005be0                LTDC_ER_IRQHandler
                0x08005be0                DMA2_Stream2_IRQHandler
                0x08005be0                HRTIM1_TIME_IRQHandler
                0x08005be0                SPI1_IRQHandler
                0x08005be0                TIM6_DAC_IRQHandler
                0x08005be0                DCMI_IRQHandler
                0x08005be0                HRTIM1_TIMC_IRQHandler
                0x08005be0                DMA2_Stream3_IRQHandler
                0x08005be0                SAI2_IRQHandler
                0x08005be0                DFSDM1_FLT3_IRQHandler
                0x08005be0                USART6_IRQHandler
                0x08005be0                TIM17_IRQHandler
                0x08005be0                USART3_IRQHandler
                0x08005be0                BDMA_Channel7_IRQHandler
                0x08005be0                LPTIM5_IRQHandler
                0x08005be0                UART5_IRQHandler
                0x08005be0                ADC3_IRQHandler
                0x08005be0                DMA2_Stream0_IRQHandler
                0x08005be0                TIM4_IRQHandler
                0x08005be0                BDMA_Channel2_IRQHandler
                0x08005be0                QUADSPI_IRQHandler
                0x08005be0                I2C1_EV_IRQHandler
                0x08005be0                DMA1_Stream6_IRQHandler
                0x08005be0                DMAMUX1_OVR_IRQHandler
                0x08005be0                DMA1_Stream1_IRQHandler
                0x08005be0                TIM16_IRQHandler
                0x08005be0                UART4_IRQHandler
                0x08005be0                BDMA_Channel5_IRQHandler
                0x08005be0                TIM3_IRQHandler
                0x08005be0                RCC_IRQHandler
                0x08005be0                TIM8_BRK_TIM12_IRQHandler
                0x08005be0                TIM1_TRG_COM_IRQHandler
                0x08005be0                Default_Handler
                0x08005be0                ECC_IRQHandler
                0x08005be0                CEC_IRQHandler
                0x08005be0                EXTI15_10_IRQHandler
                0x08005be0                BDMA_Channel0_IRQHandler
                0x08005be0                ADC_IRQHandler
                0x08005be0                DMA1_Stream7_IRQHandler
                0x08005be0                HRTIM1_TIMA_IRQHandler
                0x08005be0                SPI5_IRQHandler
                0x08005be0                TIM7_IRQHandler
                0x08005be0                SDMMC1_IRQHandler
                0x08005be0                TIM5_IRQHandler
                0x08005be0                DMA2_Stream7_IRQHandler
                0x08005be0                TIM15_IRQHandler
                0x08005be0                PVD_AVD_IRQHandler
                0x08005be0                I2C3_EV_IRQHandler
                0x08005be0                EXTI9_5_IRQHandler
                0x08005be0                RTC_WKUP_IRQHandler
                0x08005be0                LTDC_IRQHandler
                0x08005be0                SAI3_IRQHandler
                0x08005be0                ETH_WKUP_IRQHandler
                0x08005be0                SPDIF_RX_IRQHandler
                0x08005be0                SPI2_IRQHandler
                0x08005be0                OTG_HS_EP1_IN_IRQHandler
                0x08005be0                DMA1_Stream0_IRQHandler
                0x08005be0                CRS_IRQHandler
                0x08005be0                EXTI4_IRQHandler
                0x08005be0                RNG_IRQHandler
                0x08005be0                HRTIM1_TIMB_IRQHandler
                0x08005be0                FDCAN2_IT1_IRQHandler
                0x08005be0                ETH_IRQHandler
                0x08005be0                TIM1_UP_IRQHandler
                0x08005be0                BDMA_Channel4_IRQHandler
                0x08005be0                OTG_HS_EP1_OUT_IRQHandler
                0x08005be0                WWDG_IRQHandler
                0x08005be0                SPI6_IRQHandler
                0x08005be0                MDIOS_IRQHandler
                0x08005be0                I2C4_EV_IRQHandler
                0x08005be0                FDCAN2_IT0_IRQHandler
                0x08005be0                LPUART1_IRQHandler
                0x08005be0                FDCAN1_IT0_IRQHandler
                0x08005be0                TIM2_IRQHandler
                0x08005be0                OTG_FS_WKUP_IRQHandler
                0x08005be0                OTG_HS_IRQHandler
                0x08005be0                DMA2D_IRQHandler
                0x08005be0                TIM1_BRK_IRQHandler
                0x08005be0                EXTI1_IRQHandler
                0x08005be0                SDMMC2_IRQHandler
                0x08005be0                OTG_FS_EP1_OUT_IRQHandler
                0x08005be0                BDMA_Channel3_IRQHandler
                0x08005be0                UART7_IRQHandler
                0x08005be0                MDIOS_WKUP_IRQHandler
                0x08005be0                USART2_IRQHandler
                0x08005be0                DFSDM1_FLT0_IRQHandler
                0x08005be0                SAI4_IRQHandler
                0x08005be0                I2C2_ER_IRQHandler
                0x08005be0                DMA2_Stream1_IRQHandler
                0x08005be0                FLASH_IRQHandler
                0x08005be0                DMA2_Stream4_IRQHandler
                0x08005be0                USART1_IRQHandler
                0x08005be0                OTG_FS_IRQHandler
                0x08005be0                SPI3_IRQHandler
                0x08005be0                WAKEUP_PIN_IRQHandler
                0x08005be0                DMA1_Stream4_IRQHandler
                0x08005be0                OTG_FS_EP1_IN_IRQHandler
                0x08005be0                I2C1_ER_IRQHandler
                0x08005be0                FMC_IRQHandler
                0x08005be0                FDCAN_CAL_IRQHandler
                0x08005be0                SWPMI1_IRQHandler
                0x08005be0                COMP1_IRQHandler
                0x08005be0                LPTIM1_IRQHandler
                0x08005be0                I2C4_ER_IRQHandler
                0x08005be0                DMA2_Stream6_IRQHandler
                0x08005be0                SAI1_IRQHandler
                0x08005be0                DMA1_Stream3_IRQHandler
 .text.memset   0x08005be2       0x10 C:/ST/STM32CubeIDE_1.19.0/STM32CubeIDE/plugins/com.st.stm32cube.ide.mcu.externaltools.gnu-tools-for-stm32.13.3.rel1.win32_1.0.0.202411081344/tools/bin/../lib/gcc/arm-none-eabi/13.3.1/../../../../arm-none-eabi/lib/thumb/v7e-m+dp/hard\libc_nano.a(libc_a-memset.o)
                0x08005be2                memset
 *fill*         0x08005bf2        0x2 
 .text.__libc_init_array
                0x08005bf4       0x48 C:/ST/STM32CubeIDE_1.19.0/STM32CubeIDE/plugins/com.st.stm32cube.ide.mcu.externaltools.gnu-tools-for-stm32.13.3.rel1.win32_1.0.0.202411081344/tools/bin/../lib/gcc/arm-none-eabi/13.3.1/../../../../arm-none-eabi/lib/thumb/v7e-m+dp/hard\libc_nano.a(libc_a-init.o)
                0x08005bf4                __libc_init_array
 *(.glue_7)
 .glue_7        0x08005c3c        0x0 linker stubs
 *(.glue_7t)
 .glue_7t       0x08005c3c        0x0 linker stubs
 *(.eh_frame)
 .eh_frame      0x08005c3c        0x0 C:/ST/STM32CubeIDE_1.19.0/STM32CubeIDE/plugins/com.st.stm32cube.ide.mcu.externaltools.gnu-tools-for-stm32.13.3.rel1.win32_1.0.0.202411081344/tools/bin/../lib/gcc/arm-none-eabi/13.3.1/thumb/v7e-m+dp/hard/crtbegin.o
 *(.init)
 .init          0x08005c3c        0x4 C:/ST/STM32CubeIDE_1.19.0/STM32CubeIDE/plugins/com.st.stm32cube.ide.mcu.externaltools.gnu-tools-for-stm32.13.3.rel1.win32_1.0.0.202411081344/tools/bin/../lib/gcc/arm-none-eabi/13.3.1/thumb/v7e-m+dp/hard/crti.o
                0x08005c3c                _init
 .init          0x08005c40        0x8 C:/ST/STM32CubeIDE_1.19.0/STM32CubeIDE/plugins/com.st.stm32cube.ide.mcu.externaltools.gnu-tools-for-stm32.13.3.rel1.win32_1.0.0.202411081344/tools/bin/../lib/gcc/arm-none-eabi/13.3.1/thumb/v7e-m+dp/hard/crtn.o
 *(.fini)
 .fini          0x08005c48        0x4 C:/ST/STM32CubeIDE_1.19.0/STM32CubeIDE/plugins/com.st.stm32cube.ide.mcu.externaltools.gnu-tools-for-stm32.13.3.rel1.win32_1.0.0.202411081344/tools/bin/../lib/gcc/arm-none-eabi/13.3.1/thumb/v7e-m+dp/hard/crti.o
                0x08005c48                _fini
 .fini          0x08005c4c        0x8 C:/ST/STM32CubeIDE_1.19.0/STM32CubeIDE/plugins/com.st.stm32cube.ide.mcu.externaltools.gnu-tools-for-stm32.13.3.rel1.win32_1.0.0.202411081344/tools/bin/../lib/gcc/arm-none-eabi/13.3.1/thumb/v7e-m+dp/hard/crtn.o
                0x08005c54                        . = ALIGN (0x4)
                0x08005c54                        _etext = .

.vfp11_veneer   0x08005c54        0x0
 .vfp11_veneer  0x08005c54        0x0 linker stubs

.v4_bx          0x08005c54        0x0
 .v4_bx         0x08005c54        0x0 linker stubs

.iplt           0x08005c54        0x0
 .iplt          0x08005c54        0x0 C:/ST/STM32CubeIDE_1.19.0/STM32CubeIDE/plugins/com.st.stm32cube.ide.mcu.externaltools.gnu-tools-for-stm32.13.3.rel1.win32_1.0.0.202411081344/tools/bin/../lib/gcc/arm-none-eabi/13.3.1/thumb/v7e-m+dp/hard/crtbegin.o

.rodata         0x08005c54       0x38
                0x08005c54                        . = ALIGN (0x4)
 *(.rodata)
 *(.rodata*)
 .rodata.UARTPrescTable
                0x08005c54       0x18 ./Drivers/STM32H7xx_HAL_Driver/Src/stm32h7xx_hal_uart.o
                0x08005c54                UARTPrescTable
 .rodata.numerator.1
                0x08005c6c        0x8 ./Drivers/STM32H7xx_HAL_Driver/Src/stm32h7xx_hal_uart_ex.o
 .rodata.denominator.0
                0x08005c74        0x8 ./Drivers/STM32H7xx_HAL_Driver/Src/stm32h7xx_hal_uart_ex.o
 .rodata.D1CorePrescTable
                0x08005c7c       0x10 ./Src/system_stm32h7xx.o
                0x08005c7c                D1CorePrescTable
                0x08005c8c                        . = ALIGN (0x4)

.ARM.extab
 *(.ARM.extab* .gnu.linkonce.armextab.*)

.ARM            0x08005c8c        0x8
                0x08005c8c                        __exidx_start = .
 *(.ARM.exidx*)
 .ARM.exidx     0x08005c8c        0x8 C:/ST/STM32CubeIDE_1.19.0/STM32CubeIDE/plugins/com.st.stm32cube.ide.mcu.externaltools.gnu-tools-for-stm32.13.3.rel1.win32_1.0.0.202411081344/tools/bin/../lib/gcc/arm-none-eabi/13.3.1/thumb/v7e-m+dp/hard\libgcc.a(_udivmoddi4.o)
                0x08005c94                        __exidx_end = .

.preinit_array  0x08005c94        0x0
                0x08005c94                        PROVIDE (__preinit_array_start = .)
 *(.preinit_array*)
                0x08005c94                        PROVIDE (__preinit_array_end = .)

.init_array     0x08005c94        0x4
                0x08005c94                        PROVIDE (__init_array_start = .)
 *(SORT_BY_NAME(.init_array.*))
 *(.init_array*)
 .init_array    0x08005c94        0x4 C:/ST/STM32CubeIDE_1.19.0/STM32CubeIDE/plugins/com.st.stm32cube.ide.mcu.externaltools.gnu-tools-for-stm32.13.3.rel1.win32_1.0.0.202411081344/tools/bin/../lib/gcc/arm-none-eabi/13.3.1/thumb/v7e-m+dp/hard/crtbegin.o
                0x08005c98                        PROVIDE (__init_array_end = .)

.fini_array     0x08005c98        0x4
                [!provide]                        PROVIDE (__fini_array_start = .)
 *(SORT_BY_NAME(.fini_array.*))
 *(.fini_array*)
 .fini_array    0x08005c98        0x4 C:/ST/STM32CubeIDE_1.19.0/STM32CubeIDE/plugins/com.st.stm32cube.ide.mcu.externaltools.gnu-tools-for-stm32.13.3.rel1.win32_1.0.0.202411081344/tools/bin/../lib/gcc/arm-none-eabi/13.3.1/thumb/v7e-m+dp/hard/crtbegin.o
                [!provide]                        PROVIDE (__fini_array_end = .)
                0x08005c9c                        _sidata = LOADADDR (.data)

.rel.dyn        0x08005c9c        0x0
 .rel.iplt      0x08005c9c        0x0 C:/ST/STM32CubeIDE_1.19.0/STM32CubeIDE/plugins/com.st.stm32cube.ide.mcu.externaltools.gnu-tools-for-stm32.13.3.rel1.win32_1.0.0.202411081344/tools/bin/../lib/gcc/arm-none-eabi/13.3.1/thumb/v7e-m+dp/hard/crtbegin.o

.data           0x24000000       0x18 load address 0x08005c9c
                0x24000000                        . = ALIGN (0x4)
                0x24000000                        _sdata = .
 *(.data)
 *(.data*)
 .data.uwTickPrio
                0x24000000        0x4 ./Drivers/STM32H7xx_HAL_Driver/Src/stm32h7xx_hal.o
                0x24000000                uwTickPrio
 .data.uwTickFreq
                0x24000004        0x1 ./Drivers/STM32H7xx_HAL_Driver/Src/stm32h7xx_hal.o
                0x24000004                uwTickFreq
 *fill*         0x24000005        0x3 
 .data.tx_buff  0x24000008        0x8 ./Src/main.o
                0x24000008                tx_buff
 .data.SystemCoreClock
                0x24000010        0x4 ./Src/system_stm32h7xx.o
                0x24000010                SystemCoreClock
 .data.SystemD2Clock
                0x24000014        0x4 ./Src/system_stm32h7xx.o
                0x24000014                SystemD2Clock
 *(.RamFunc)
 *(.RamFunc*)
                0x24000018                        . = ALIGN (0x4)
                0x24000018                        _edata = .

.igot.plt       0x24000018        0x0 load address 0x08005cb4
 .igot.plt      0x24000018        0x0 C:/ST/STM32CubeIDE_1.19.0/STM32CubeIDE/plugins/com.st.stm32cube.ide.mcu.externaltools.gnu-tools-for-stm32.13.3.rel1.win32_1.0.0.202411081344/tools/bin/../lib/gcc/arm-none-eabi/13.3.1/thumb/v7e-m+dp/hard/crtbegin.o
                0x24000018                        . = ALIGN (0x4)

.bss            0x24000018      0x26c load address 0x08005cb4
                0x24000018                        _sbss = .
                0x24000018                        __bss_start__ = _sbss
 *(.bss)
 .bss           0x24000018       0x1c C:/ST/STM32CubeIDE_1.19.0/STM32CubeIDE/plugins/com.st.stm32cube.ide.mcu.externaltools.gnu-tools-for-stm32.13.3.rel1.win32_1.0.0.202411081344/tools/bin/../lib/gcc/arm-none-eabi/13.3.1/thumb/v7e-m+dp/hard/crtbegin.o
 *(.bss*)
 .bss.uwTick    0x24000034        0x4 ./Drivers/STM32H7xx_HAL_Driver/Src/stm32h7xx_hal.o
                0x24000034                uwTick
 .bss.rx_buff   0x24000038        0x8 ./Src/main.o
                0x24000038                rx_buff
 .bss.hspi2     0x24000040       0x88 ./Src/spi.o
                0x24000040                hspi2
 .bss.huart4    0x240000c8       0x94 ./Src/usart.o
                0x240000c8                huart4
 .bss.huart5    0x2400015c       0x94 ./Src/usart.o
                0x2400015c                huart5
 .bss.huart7    0x240001f0       0x94 ./Src/usart.o
                0x240001f0                huart7
 *(COMMON)
                0x24000284                        . = ALIGN (0x4)
                0x24000284                        _ebss = .
                0x24000284                        __bss_end__ = _ebss

._user_heap_stack
                0x24000284      0x604 load address 0x08005cb4
                0x24000288                        . = ALIGN (0x8)
 *fill*         0x24000284        0x4 
                [!provide]                        PROVIDE (end = .)
                0x24000288                        PROVIDE (_end = .)
                0x24000488                        . = (. + _Min_Heap_Size)
 *fill*         0x24000288      0x200 
                0x24000888                        . = (. + _Min_Stack_Size)
 *fill*         0x24000488      0x400 
                0x24000888                        . = ALIGN (0x8)

/DISCARD/
 libc.a(*)
 libm.a(*)
 libgcc.a(*)

.ARM.attributes
                0x00000000       0x2e
 *(.ARM.attributes)
 .ARM.attributes
                0x00000000       0x20 C:/ST/STM32CubeIDE_1.19.0/STM32CubeIDE/plugins/com.st.stm32cube.ide.mcu.externaltools.gnu-tools-for-stm32.13.3.rel1.win32_1.0.0.202411081344/tools/bin/../lib/gcc/arm-none-eabi/13.3.1/thumb/v7e-m+dp/hard/crti.o
 .ARM.attributes
                0x00000020       0x32 C:/ST/STM32CubeIDE_1.19.0/STM32CubeIDE/plugins/com.st.stm32cube.ide.mcu.externaltools.gnu-tools-for-stm32.13.3.rel1.win32_1.0.0.202411081344/tools/bin/../lib/gcc/arm-none-eabi/13.3.1/thumb/v7e-m+dp/hard/crtbegin.o
 .ARM.attributes
                0x00000052       0x32 ./Drivers/STM32H7xx_HAL_Driver/Src/stm32h7xx_hal.o
 .ARM.attributes
                0x00000084       0x32 ./Drivers/STM32H7xx_HAL_Driver/Src/stm32h7xx_hal_cortex.o
 .ARM.attributes
                0x000000b6       0x32 ./Drivers/STM32H7xx_HAL_Driver/Src/stm32h7xx_hal_gpio.o
 .ARM.attributes
                0x000000e8       0x32 ./Drivers/STM32H7xx_HAL_Driver/Src/stm32h7xx_hal_pwr_ex.o
 .ARM.attributes
                0x0000011a       0x32 ./Drivers/STM32H7xx_HAL_Driver/Src/stm32h7xx_hal_rcc.o
 .ARM.attributes
                0x0000014c       0x32 ./Drivers/STM32H7xx_HAL_Driver/Src/stm32h7xx_hal_rcc_ex.o
 .ARM.attributes
                0x0000017e       0x32 ./Drivers/STM32H7xx_HAL_Driver/Src/stm32h7xx_hal_spi.o
 .ARM.attributes
                0x000001b0       0x32 ./Drivers/STM32H7xx_HAL_Driver/Src/stm32h7xx_hal_uart.o
 .ARM.attributes
                0x000001e2       0x32 ./Drivers/STM32H7xx_HAL_Driver/Src/stm32h7xx_hal_uart_ex.o
 .ARM.attributes
                0x00000214       0x32 ./Src/gpio.o
 .ARM.attributes
                0x00000246       0x32 ./Src/main.o
 .ARM.attributes
                0x00000278       0x32 ./Src/spi.o
 .ARM.attributes
                0x000002aa       0x32 ./Src/stm32h7xx_hal_msp.o
 .ARM.attributes
                0x000002dc       0x32 ./Src/stm32h7xx_it.o
 .ARM.attributes
                0x0000030e       0x32 ./Src/system_stm32h7xx.o
 .ARM.attributes
                0x00000340       0x32 ./Src/usart.o
 .ARM.attributes
                0x00000372       0x21 ./Startup/startup_stm32h743vitx.o
 .ARM.attributes
                0x00000393       0x32 C:/ST/STM32CubeIDE_1.19.0/STM32CubeIDE/plugins/com.st.stm32cube.ide.mcu.externaltools.gnu-tools-for-stm32.13.3.rel1.win32_1.0.0.202411081344/tools/bin/../lib/gcc/arm-none-eabi/13.3.1/../../../../arm-none-eabi/lib/thumb/v7e-m+dp/hard\libc_nano.a(libc_a-memset.o)
 .ARM.attributes
                0x000003c5       0x32 C:/ST/STM32CubeIDE_1.19.0/STM32CubeIDE/plugins/com.st.stm32cube.ide.mcu.externaltools.gnu-tools-for-stm32.13.3.rel1.win32_1.0.0.202411081344/tools/bin/../lib/gcc/arm-none-eabi/13.3.1/../../../../arm-none-eabi/lib/thumb/v7e-m+dp/hard\libc_nano.a(libc_a-init.o)
 .ARM.attributes
                0x000003f7       0x20 C:/ST/STM32CubeIDE_1.19.0/STM32CubeIDE/plugins/com.st.stm32cube.ide.mcu.externaltools.gnu-tools-for-stm32.13.3.rel1.win32_1.0.0.202411081344/tools/bin/../lib/gcc/arm-none-eabi/13.3.1/thumb/v7e-m+dp/hard\libgcc.a(_aeabi_uldivmod.o)
 .ARM.attributes
                0x00000417       0x32 C:/ST/STM32CubeIDE_1.19.0/STM32CubeIDE/plugins/com.st.stm32cube.ide.mcu.externaltools.gnu-tools-for-stm32.13.3.rel1.win32_1.0.0.202411081344/tools/bin/../lib/gcc/arm-none-eabi/13.3.1/thumb/v7e-m+dp/hard\libgcc.a(_udivmoddi4.o)
 .ARM.attributes
                0x00000449       0x20 C:/ST/STM32CubeIDE_1.19.0/STM32CubeIDE/plugins/com.st.stm32cube.ide.mcu.externaltools.gnu-tools-for-stm32.13.3.rel1.win32_1.0.0.202411081344/tools/bin/../lib/gcc/arm-none-eabi/13.3.1/thumb/v7e-m+dp/hard\libgcc.a(_dvmd_tls.o)
 .ARM.attributes
                0x00000469       0x20 C:/ST/STM32CubeIDE_1.19.0/STM32CubeIDE/plugins/com.st.stm32cube.ide.mcu.externaltools.gnu-tools-for-stm32.13.3.rel1.win32_1.0.0.202411081344/tools/bin/../lib/gcc/arm-none-eabi/13.3.1/thumb/v7e-m+dp/hard/crtn.o
OUTPUT(stm32 full.elf elf32-littlearm)
LOAD linker stubs
LOAD C:/ST/STM32CubeIDE_1.19.0/STM32CubeIDE/plugins/com.st.stm32cube.ide.mcu.externaltools.gnu-tools-for-stm32.13.3.rel1.win32_1.0.0.202411081344/tools/bin/../lib/gcc/arm-none-eabi/13.3.1/../../../../arm-none-eabi/lib/thumb/v7e-m+dp/hard\libc.a
LOAD C:/ST/STM32CubeIDE_1.19.0/STM32CubeIDE/plugins/com.st.stm32cube.ide.mcu.externaltools.gnu-tools-for-stm32.13.3.rel1.win32_1.0.0.202411081344/tools/bin/../lib/gcc/arm-none-eabi/13.3.1/../../../../arm-none-eabi/lib/thumb/v7e-m+dp/hard\libm.a
LOAD C:/ST/STM32CubeIDE_1.19.0/STM32CubeIDE/plugins/com.st.stm32cube.ide.mcu.externaltools.gnu-tools-for-stm32.13.3.rel1.win32_1.0.0.202411081344/tools/bin/../lib/gcc/arm-none-eabi/13.3.1/thumb/v7e-m+dp/hard\libgcc.a

.debug_info     0x00000000    0x11c5d
 .debug_info    0x00000000     0x153b ./Drivers/STM32H7xx_HAL_Driver/Src/stm32h7xx_hal.o
 .debug_info    0x0000153b     0x10b1 ./Drivers/STM32H7xx_HAL_Driver/Src/stm32h7xx_hal_cortex.o
 .debug_info    0x000025ec      0xc5a ./Drivers/STM32H7xx_HAL_Driver/Src/stm32h7xx_hal_gpio.o
 .debug_info    0x00003246     0x1012 ./Drivers/STM32H7xx_HAL_Driver/Src/stm32h7xx_hal_pwr_ex.o
 .debug_info    0x00004258      0xe6a ./Drivers/STM32H7xx_HAL_Driver/Src/stm32h7xx_hal_rcc.o
 .debug_info    0x000050c2     0x1225 ./Drivers/STM32H7xx_HAL_Driver/Src/stm32h7xx_hal_rcc_ex.o
 .debug_info    0x000062e7     0x144a ./Drivers/STM32H7xx_HAL_Driver/Src/stm32h7xx_hal_spi.o
 .debug_info    0x00007731     0x4b1d ./Drivers/STM32H7xx_HAL_Driver/Src/stm32h7xx_hal_uart.o
 .debug_info    0x0000c24e      0xfbf ./Drivers/STM32H7xx_HAL_Driver/Src/stm32h7xx_hal_uart_ex.o
 .debug_info    0x0000d20d      0x634 ./Src/gpio.o
 .debug_info    0x0000d841      0xe8a ./Src/main.o
 .debug_info    0x0000e6cb     0x10ad ./Src/spi.o
 .debug_info    0x0000f778      0x464 ./Src/stm32h7xx_hal_msp.o
 .debug_info    0x0000fbdc      0x128 ./Src/stm32h7xx_it.o
 .debug_info    0x0000fd04      0xdb2 ./Src/system_stm32h7xx.o
 .debug_info    0x00010ab6     0x1177 ./Src/usart.o
 .debug_info    0x00011c2d       0x30 ./Startup/startup_stm32h743vitx.o

.debug_abbrev   0x00000000     0x23f3
 .debug_abbrev  0x00000000      0x295 ./Drivers/STM32H7xx_HAL_Driver/Src/stm32h7xx_hal.o
 .debug_abbrev  0x00000295      0x339 ./Drivers/STM32H7xx_HAL_Driver/Src/stm32h7xx_hal_cortex.o
 .debug_abbrev  0x000005ce      0x205 ./Drivers/STM32H7xx_HAL_Driver/Src/stm32h7xx_hal_gpio.o
 .debug_abbrev  0x000007d3      0x2a7 ./Drivers/STM32H7xx_HAL_Driver/Src/stm32h7xx_hal_pwr_ex.o
 .debug_abbrev  0x00000a7a      0x2c8 ./Drivers/STM32H7xx_HAL_Driver/Src/stm32h7xx_hal_rcc.o
 .debug_abbrev  0x00000d42      0x269 ./Drivers/STM32H7xx_HAL_Driver/Src/stm32h7xx_hal_rcc_ex.o
 .debug_abbrev  0x00000fab      0x2b1 ./Drivers/STM32H7xx_HAL_Driver/Src/stm32h7xx_hal_spi.o
 .debug_abbrev  0x0000125c      0x33d ./Drivers/STM32H7xx_HAL_Driver/Src/stm32h7xx_hal_uart.o
 .debug_abbrev  0x00001599      0x2d2 ./Drivers/STM32H7xx_HAL_Driver/Src/stm32h7xx_hal_uart_ex.o
 .debug_abbrev  0x0000186b      0x189 ./Src/gpio.o
 .debug_abbrev  0x000019f4      0x28f ./Src/main.o
 .debug_abbrev  0x00001c83      0x229 ./Src/spi.o
 .debug_abbrev  0x00001eac       0xdb ./Src/stm32h7xx_hal_msp.o
 .debug_abbrev  0x00001f87       0x73 ./Src/stm32h7xx_it.o
 .debug_abbrev  0x00001ffa      0x165 ./Src/system_stm32h7xx.o
 .debug_abbrev  0x0000215f      0x270 ./Src/usart.o
 .debug_abbrev  0x000023cf       0x24 ./Startup/startup_stm32h743vitx.o

.debug_aranges  0x00000000      0xc30
 .debug_aranges
                0x00000000      0x198 ./Drivers/STM32H7xx_HAL_Driver/Src/stm32h7xx_hal.o
 .debug_aranges
                0x00000198      0x130 ./Drivers/STM32H7xx_HAL_Driver/Src/stm32h7xx_hal_cortex.o
 .debug_aranges
                0x000002c8       0x58 ./Drivers/STM32H7xx_HAL_Driver/Src/stm32h7xx_hal_gpio.o
 .debug_aranges
                0x00000320      0x158 ./Drivers/STM32H7xx_HAL_Driver/Src/stm32h7xx_hal_pwr_ex.o
 .debug_aranges
                0x00000478       0x88 ./Drivers/STM32H7xx_HAL_Driver/Src/stm32h7xx_hal_rcc.o
 .debug_aranges
                0x00000500       0xf8 ./Drivers/STM32H7xx_HAL_Driver/Src/stm32h7xx_hal_rcc_ex.o
 .debug_aranges
                0x000005f8      0x1a8 ./Drivers/STM32H7xx_HAL_Driver/Src/stm32h7xx_hal_spi.o
 .debug_aranges
                0x000007a0      0x248 ./Drivers/STM32H7xx_HAL_Driver/Src/stm32h7xx_hal_uart.o
 .debug_aranges
                0x000009e8       0xa8 ./Drivers/STM32H7xx_HAL_Driver/Src/stm32h7xx_hal_uart_ex.o
 .debug_aranges
                0x00000a90       0x20 ./Src/gpio.o
 .debug_aranges
                0x00000ab0       0x38 ./Src/main.o
 .debug_aranges
                0x00000ae8       0x30 ./Src/spi.o
 .debug_aranges
                0x00000b18       0x20 ./Src/stm32h7xx_hal_msp.o
 .debug_aranges
                0x00000b38       0x60 ./Src/stm32h7xx_it.o
 .debug_aranges
                0x00000b98       0x30 ./Src/system_stm32h7xx.o
 .debug_aranges
                0x00000bc8       0x40 ./Src/usart.o
 .debug_aranges
                0x00000c08       0x28 ./Startup/startup_stm32h743vitx.o

.debug_rnglists
                0x00000000      0x957
 .debug_rnglists
                0x00000000      0x131 ./Drivers/STM32H7xx_HAL_Driver/Src/stm32h7xx_hal.o
 .debug_rnglists
                0x00000131       0xe0 ./Drivers/STM32H7xx_HAL_Driver/Src/stm32h7xx_hal_cortex.o
 .debug_rnglists
                0x00000211       0x3f ./Drivers/STM32H7xx_HAL_Driver/Src/stm32h7xx_hal_gpio.o
 .debug_rnglists
                0x00000250      0x103 ./Drivers/STM32H7xx_HAL_Driver/Src/stm32h7xx_hal_pwr_ex.o
 .debug_rnglists
                0x00000353       0x68 ./Drivers/STM32H7xx_HAL_Driver/Src/stm32h7xx_hal_rcc.o
 .debug_rnglists
                0x000003bb       0xc0 ./Drivers/STM32H7xx_HAL_Driver/Src/stm32h7xx_hal_rcc_ex.o
 .debug_rnglists
                0x0000047b      0x148 ./Drivers/STM32H7xx_HAL_Driver/Src/stm32h7xx_hal_spi.o
 .debug_rnglists
                0x000005c3      0x1fa ./Drivers/STM32H7xx_HAL_Driver/Src/stm32h7xx_hal_uart.o
 .debug_rnglists
                0x000007bd       0x7f ./Drivers/STM32H7xx_HAL_Driver/Src/stm32h7xx_hal_uart_ex.o
 .debug_rnglists
                0x0000083c       0x14 ./Src/gpio.o
 .debug_rnglists
                0x00000850       0x26 ./Src/main.o
 .debug_rnglists
                0x00000876       0x21 ./Src/spi.o
 .debug_rnglists
                0x00000897       0x13 ./Src/stm32h7xx_hal_msp.o
 .debug_rnglists
                0x000008aa       0x43 ./Src/stm32h7xx_it.o
 .debug_rnglists
                0x000008ed       0x21 ./Src/system_stm32h7xx.o
 .debug_rnglists
                0x0000090e       0x30 ./Src/usart.o
 .debug_rnglists
                0x0000093e       0x19 ./Startup/startup_stm32h743vitx.o

.debug_macro    0x00000000    0x36ad9
 .debug_macro   0x00000000      0x2d7 ./Drivers/STM32H7xx_HAL_Driver/Src/stm32h7xx_hal.o
 .debug_macro   0x000002d7      0xaf6 ./Drivers/STM32H7xx_HAL_Driver/Src/stm32h7xx_hal.o
 .debug_macro   0x00000dcd      0x238 ./Drivers/STM32H7xx_HAL_Driver/Src/stm32h7xx_hal.o
 .debug_macro   0x00001005       0x2e ./Drivers/STM32H7xx_HAL_Driver/Src/stm32h7xx_hal.o
 .debug_macro   0x00001033       0x3b ./Drivers/STM32H7xx_HAL_Driver/Src/stm32h7xx_hal.o
 .debug_macro   0x0000106e       0x22 ./Drivers/STM32H7xx_HAL_Driver/Src/stm32h7xx_hal.o
 .debug_macro   0x00001090       0x8e ./Drivers/STM32H7xx_HAL_Driver/Src/stm32h7xx_hal.o
 .debug_macro   0x0000111e       0x51 ./Drivers/STM32H7xx_HAL_Driver/Src/stm32h7xx_hal.o
 .debug_macro   0x0000116f      0x103 ./Drivers/STM32H7xx_HAL_Driver/Src/stm32h7xx_hal.o
 .debug_macro   0x00001272       0x6a ./Drivers/STM32H7xx_HAL_Driver/Src/stm32h7xx_hal.o
 .debug_macro   0x000012dc      0x1df ./Drivers/STM32H7xx_HAL_Driver/Src/stm32h7xx_hal.o
 .debug_macro   0x000014bb       0x1c ./Drivers/STM32H7xx_HAL_Driver/Src/stm32h7xx_hal.o
 .debug_macro   0x000014d7       0x22 ./Drivers/STM32H7xx_HAL_Driver/Src/stm32h7xx_hal.o
 .debug_macro   0x000014f9       0xfb ./Drivers/STM32H7xx_HAL_Driver/Src/stm32h7xx_hal.o
 .debug_macro   0x000015f4     0x1305 ./Drivers/STM32H7xx_HAL_Driver/Src/stm32h7xx_hal.o
 .debug_macro   0x000028f9      0x11f ./Drivers/STM32H7xx_HAL_Driver/Src/stm32h7xx_hal.o
 .debug_macro   0x00002a18       0x27 ./Drivers/STM32H7xx_HAL_Driver/Src/stm32h7xx_hal.o
 .debug_macro   0x00002a3f    0x25b9b ./Drivers/STM32H7xx_HAL_Driver/Src/stm32h7xx_hal.o
 .debug_macro   0x000285da       0x6d ./Drivers/STM32H7xx_HAL_Driver/Src/stm32h7xx_hal.o
 .debug_macro   0x00028647     0x3d79 ./Drivers/STM32H7xx_HAL_Driver/Src/stm32h7xx_hal.o
 .debug_macro   0x0002c3c0      0x190 ./Drivers/STM32H7xx_HAL_Driver/Src/stm32h7xx_hal.o
 .debug_macro   0x0002c550       0x61 ./Drivers/STM32H7xx_HAL_Driver/Src/stm32h7xx_hal.o
 .debug_macro   0x0002c5b1       0x29 ./Drivers/STM32H7xx_HAL_Driver/Src/stm32h7xx_hal.o
 .debug_macro   0x0002c5da       0x43 ./Drivers/STM32H7xx_HAL_Driver/Src/stm32h7xx_hal.o
 .debug_macro   0x0002c61d       0x34 ./Drivers/STM32H7xx_HAL_Driver/Src/stm32h7xx_hal.o
 .debug_macro   0x0002c651      0x370 ./Drivers/STM32H7xx_HAL_Driver/Src/stm32h7xx_hal.o
 .debug_macro   0x0002c9c1       0x16 ./Drivers/STM32H7xx_HAL_Driver/Src/stm32h7xx_hal.o
 .debug_macro   0x0002c9d7       0x4a ./Drivers/STM32H7xx_HAL_Driver/Src/stm32h7xx_hal.o
 .debug_macro   0x0002ca21       0x34 ./Drivers/STM32H7xx_HAL_Driver/Src/stm32h7xx_hal.o
 .debug_macro   0x0002ca55       0x10 ./Drivers/STM32H7xx_HAL_Driver/Src/stm32h7xx_hal.o
 .debug_macro   0x0002ca65       0x58 ./Drivers/STM32H7xx_HAL_Driver/Src/stm32h7xx_hal.o
 .debug_macro   0x0002cabd       0x8e ./Drivers/STM32H7xx_HAL_Driver/Src/stm32h7xx_hal.o
 .debug_macro   0x0002cb4b       0x1c ./Drivers/STM32H7xx_HAL_Driver/Src/stm32h7xx_hal.o
 .debug_macro   0x0002cb67      0x185 ./Drivers/STM32H7xx_HAL_Driver/Src/stm32h7xx_hal.o
 .debug_macro   0x0002ccec      0x19b ./Drivers/STM32H7xx_HAL_Driver/Src/stm32h7xx_hal.o
 .debug_macro   0x0002ce87       0x5d ./Drivers/STM32H7xx_HAL_Driver/Src/stm32h7xx_hal.o
 .debug_macro   0x0002cee4     0x2382 ./Drivers/STM32H7xx_HAL_Driver/Src/stm32h7xx_hal.o
 .debug_macro   0x0002f266     0x102c ./Drivers/STM32H7xx_HAL_Driver/Src/stm32h7xx_hal.o
 .debug_macro   0x00030292      0x154 ./Drivers/STM32H7xx_HAL_Driver/Src/stm32h7xx_hal.o
 .debug_macro   0x000303e6      0x114 ./Drivers/STM32H7xx_HAL_Driver/Src/stm32h7xx_hal.o
 .debug_macro   0x000304fa      0x3b6 ./Drivers/STM32H7xx_HAL_Driver/Src/stm32h7xx_hal.o
 .debug_macro   0x000308b0       0xac ./Drivers/STM32H7xx_HAL_Driver/Src/stm32h7xx_hal.o
 .debug_macro   0x0003095c      0x72d ./Drivers/STM32H7xx_HAL_Driver/Src/stm32h7xx_hal.o
 .debug_macro   0x00031089      0x228 ./Drivers/STM32H7xx_HAL_Driver/Src/stm32h7xx_hal.o
 .debug_macro   0x000312b1       0x66 ./Drivers/STM32H7xx_HAL_Driver/Src/stm32h7xx_hal.o
 .debug_macro   0x00031317      0x3bb ./Drivers/STM32H7xx_HAL_Driver/Src/stm32h7xx_hal.o
 .debug_macro   0x000316d2      0x3e4 ./Drivers/STM32H7xx_HAL_Driver/Src/stm32h7xx_hal.o
 .debug_macro   0x00031ab6      0x275 ./Drivers/STM32H7xx_HAL_Driver/Src/stm32h7xx_hal.o
 .debug_macro   0x00031d2b      0x3ca ./Drivers/STM32H7xx_HAL_Driver/Src/stm32h7xx_hal.o
 .debug_macro   0x000320f5      0x408 ./Drivers/STM32H7xx_HAL_Driver/Src/stm32h7xx_hal.o
 .debug_macro   0x000324fd       0x51 ./Drivers/STM32H7xx_HAL_Driver/Src/stm32h7xx_hal.o
 .debug_macro   0x0003254e       0x4a ./Drivers/STM32H7xx_HAL_Driver/Src/stm32h7xx_hal.o
 .debug_macro   0x00032598      0x22c ./Drivers/STM32H7xx_HAL_Driver/Src/stm32h7xx_hal.o
 .debug_macro   0x000327c4       0x67 ./Drivers/STM32H7xx_HAL_Driver/Src/stm32h7xx_hal.o
 .debug_macro   0x0003282b       0xa5 ./Drivers/STM32H7xx_HAL_Driver/Src/stm32h7xx_hal.o
 .debug_macro   0x000328d0      0x1c4 ./Drivers/STM32H7xx_HAL_Driver/Src/stm32h7xx_hal.o
 .debug_macro   0x00032a94      0x25e ./Drivers/STM32H7xx_HAL_Driver/Src/stm32h7xx_hal.o
 .debug_macro   0x00032cf2       0x35 ./Drivers/STM32H7xx_HAL_Driver/Src/stm32h7xx_hal.o
 .debug_macro   0x00032d27      0x5e4 ./Drivers/STM32H7xx_HAL_Driver/Src/stm32h7xx_hal.o
 .debug_macro   0x0003330b       0xc1 ./Drivers/STM32H7xx_HAL_Driver/Src/stm32h7xx_hal.o
 .debug_macro   0x000333cc      0x693 ./Drivers/STM32H7xx_HAL_Driver/Src/stm32h7xx_hal.o
 .debug_macro   0x00033a5f       0xa6 ./Drivers/STM32H7xx_HAL_Driver/Src/stm32h7xx_hal.o
 .debug_macro   0x00033b05      0x5ac ./Drivers/STM32H7xx_HAL_Driver/Src/stm32h7xx_hal.o
 .debug_macro   0x000340b1      0x2ad ./Drivers/STM32H7xx_HAL_Driver/Src/stm32h7xx_hal_cortex.o
 .debug_macro   0x0003435e      0x2b4 ./Drivers/STM32H7xx_HAL_Driver/Src/stm32h7xx_hal_gpio.o
 .debug_macro   0x00034612      0x2e6 ./Drivers/STM32H7xx_HAL_Driver/Src/stm32h7xx_hal_pwr_ex.o
 .debug_macro   0x000348f8      0x2d1 ./Drivers/STM32H7xx_HAL_Driver/Src/stm32h7xx_hal_rcc.o
 .debug_macro   0x00034bc9      0x2cb ./Drivers/STM32H7xx_HAL_Driver/Src/stm32h7xx_hal_rcc_ex.o
 .debug_macro   0x00034e94      0x2b5 ./Drivers/STM32H7xx_HAL_Driver/Src/stm32h7xx_hal_spi.o
 .debug_macro   0x00035149      0x2d8 ./Drivers/STM32H7xx_HAL_Driver/Src/stm32h7xx_hal_uart.o
 .debug_macro   0x00035421      0x2b9 ./Drivers/STM32H7xx_HAL_Driver/Src/stm32h7xx_hal_uart_ex.o
 .debug_macro   0x000356da      0x2c6 ./Src/gpio.o
 .debug_macro   0x000359a0       0xa0 ./Src/gpio.o
 .debug_macro   0x00035a40      0x2de ./Src/main.o
 .debug_macro   0x00035d1e      0x2c6 ./Src/spi.o
 .debug_macro   0x00035fe4      0x2bc ./Src/stm32h7xx_hal_msp.o
 .debug_macro   0x000362a0      0x2c6 ./Src/stm32h7xx_it.o
 .debug_macro   0x00036566      0x2ad ./Src/system_stm32h7xx.o
 .debug_macro   0x00036813      0x2c6 ./Src/usart.o

.debug_line     0x00000000    0x11ce2
 .debug_line    0x00000000      0xead ./Drivers/STM32H7xx_HAL_Driver/Src/stm32h7xx_hal.o
 .debug_line    0x00000ead      0xe97 ./Drivers/STM32H7xx_HAL_Driver/Src/stm32h7xx_hal_cortex.o
 .debug_line    0x00001d44      0xd36 ./Drivers/STM32H7xx_HAL_Driver/Src/stm32h7xx_hal_gpio.o
 .debug_line    0x00002a7a     0x1031 ./Drivers/STM32H7xx_HAL_Driver/Src/stm32h7xx_hal_pwr_ex.o
 .debug_line    0x00003aab     0x1554 ./Drivers/STM32H7xx_HAL_Driver/Src/stm32h7xx_hal_rcc.o
 .debug_line    0x00004fff     0x1e60 ./Drivers/STM32H7xx_HAL_Driver/Src/stm32h7xx_hal_rcc_ex.o
 .debug_line    0x00006e5f     0x223f ./Drivers/STM32H7xx_HAL_Driver/Src/stm32h7xx_hal_spi.o
 .debug_line    0x0000909e     0x3934 ./Drivers/STM32H7xx_HAL_Driver/Src/stm32h7xx_hal_uart.o
 .debug_line    0x0000c9d2      0xe43 ./Drivers/STM32H7xx_HAL_Driver/Src/stm32h7xx_hal_uart_ex.o
 .debug_line    0x0000d815      0x8ea ./Src/gpio.o
 .debug_line    0x0000e0ff      0x9db ./Src/main.o
 .debug_line    0x0000eada      0x98b ./Src/spi.o
 .debug_line    0x0000f465      0x8cf ./Src/stm32h7xx_hal_msp.o
 .debug_line    0x0000fd34      0x97f ./Src/stm32h7xx_it.o
 .debug_line    0x000106b3      0xacf ./Src/system_stm32h7xx.o
 .debug_line    0x00011182      0xae5 ./Src/usart.o
 .debug_line    0x00011c67       0x7b ./Startup/startup_stm32h743vitx.o

.debug_str      0x00000000   0x15aa15
 .debug_str     0x00000000   0x15aa15 ./Drivers/STM32H7xx_HAL_Driver/Src/stm32h7xx_hal.o
                             0x157542 (size before relaxing)
 .debug_str     0x0015aa15   0x156f7d ./Drivers/STM32H7xx_HAL_Driver/Src/stm32h7xx_hal_cortex.o
 .debug_str     0x0015aa15   0x1565e3 ./Drivers/STM32H7xx_HAL_Driver/Src/stm32h7xx_hal_gpio.o
 .debug_str     0x0015aa15   0x156aa4 ./Drivers/STM32H7xx_HAL_Driver/Src/stm32h7xx_hal_pwr_ex.o
 .debug_str     0x0015aa15   0x1569c7 ./Drivers/STM32H7xx_HAL_Driver/Src/stm32h7xx_hal_rcc.o
 .debug_str     0x0015aa15   0x156ea8 ./Drivers/STM32H7xx_HAL_Driver/Src/stm32h7xx_hal_rcc_ex.o
 .debug_str     0x0015aa15   0x156ceb ./Drivers/STM32H7xx_HAL_Driver/Src/stm32h7xx_hal_spi.o
 .debug_str     0x0015aa15   0x157508 ./Drivers/STM32H7xx_HAL_Driver/Src/stm32h7xx_hal_uart.o
 .debug_str     0x0015aa15   0x156ac8 ./Drivers/STM32H7xx_HAL_Driver/Src/stm32h7xx_hal_uart_ex.o
 .debug_str     0x0015aa15   0x156616 ./Src/gpio.o
 .debug_str     0x0015aa15   0x156d39 ./Src/main.o
 .debug_str     0x0015aa15   0x156fbf ./Src/spi.o
 .debug_str     0x0015aa15   0x15654b ./Src/stm32h7xx_hal_msp.o
 .debug_str     0x0015aa15   0x1563aa ./Src/stm32h7xx_it.o
 .debug_str     0x0015aa15   0x156666 ./Src/system_stm32h7xx.o
 .debug_str     0x0015aa15   0x156ff2 ./Src/usart.o
 .debug_str     0x0015aa15       0x7a ./Startup/startup_stm32h743vitx.o

.comment        0x00000000       0x43
 .comment       0x00000000       0x43 ./Drivers/STM32H7xx_HAL_Driver/Src/stm32h7xx_hal.o
                                 0x44 (size before relaxing)
 .comment       0x00000043       0x44 ./Drivers/STM32H7xx_HAL_Driver/Src/stm32h7xx_hal_cortex.o
 .comment       0x00000043       0x44 ./Drivers/STM32H7xx_HAL_Driver/Src/stm32h7xx_hal_gpio.o
 .comment       0x00000043       0x44 ./Drivers/STM32H7xx_HAL_Driver/Src/stm32h7xx_hal_pwr_ex.o
 .comment       0x00000043       0x44 ./Drivers/STM32H7xx_HAL_Driver/Src/stm32h7xx_hal_rcc.o
 .comment       0x00000043       0x44 ./Drivers/STM32H7xx_HAL_Driver/Src/stm32h7xx_hal_rcc_ex.o
 .comment       0x00000043       0x44 ./Drivers/STM32H7xx_HAL_Driver/Src/stm32h7xx_hal_spi.o
 .comment       0x00000043       0x44 ./Drivers/STM32H7xx_HAL_Driver/Src/stm32h7xx_hal_uart.o
 .comment       0x00000043       0x44 ./Drivers/STM32H7xx_HAL_Driver/Src/stm32h7xx_hal_uart_ex.o
 .comment       0x00000043       0x44 ./Src/gpio.o
 .comment       0x00000043       0x44 ./Src/main.o
 .comment       0x00000043       0x44 ./Src/spi.o
 .comment       0x00000043       0x44 ./Src/stm32h7xx_hal_msp.o
 .comment       0x00000043       0x44 ./Src/stm32h7xx_it.o
 .comment       0x00000043       0x44 ./Src/system_stm32h7xx.o
 .comment       0x00000043       0x44 ./Src/usart.o

.debug_frame    0x00000000     0x31b4
 .debug_frame   0x00000000      0x690 ./Drivers/STM32H7xx_HAL_Driver/Src/stm32h7xx_hal.o
 .debug_frame   0x00000690      0x508 ./Drivers/STM32H7xx_HAL_Driver/Src/stm32h7xx_hal_cortex.o
 .debug_frame   0x00000b98      0x14c ./Drivers/STM32H7xx_HAL_Driver/Src/stm32h7xx_hal_gpio.o
 .debug_frame   0x00000ce4      0x580 ./Drivers/STM32H7xx_HAL_Driver/Src/stm32h7xx_hal_pwr_ex.o
 .debug_frame   0x00001264      0x1f8 ./Drivers/STM32H7xx_HAL_Driver/Src/stm32h7xx_hal_rcc.o
 .debug_frame   0x0000145c      0x414 ./Drivers/STM32H7xx_HAL_Driver/Src/stm32h7xx_hal_rcc_ex.o
 .debug_frame   0x00001870      0x7a8 ./Drivers/STM32H7xx_HAL_Driver/Src/stm32h7xx_hal_spi.o
 .debug_frame   0x00002018      0xa94 ./Drivers/STM32H7xx_HAL_Driver/Src/stm32h7xx_hal_uart.o
 .debug_frame   0x00002aac      0x2c0 ./Drivers/STM32H7xx_HAL_Driver/Src/stm32h7xx_hal_uart_ex.o
 .debug_frame   0x00002d6c       0x34 ./Src/gpio.o
 .debug_frame   0x00002da0       0x8c ./Src/main.o
 .debug_frame   0x00002e2c       0x78 ./Src/spi.o
 .debug_frame   0x00002ea4       0x38 ./Src/stm32h7xx_hal_msp.o
 .debug_frame   0x00002edc      0x104 ./Src/stm32h7xx_it.o
 .debug_frame   0x00002fe0       0x78 ./Src/system_stm32h7xx.o
 .debug_frame   0x00003058       0xb0 ./Src/usart.o
 .debug_frame   0x00003108       0x20 C:/ST/STM32CubeIDE_1.19.0/STM32CubeIDE/plugins/com.st.stm32cube.ide.mcu.externaltools.gnu-tools-for-stm32.13.3.rel1.win32_1.0.0.202411081344/tools/bin/../lib/gcc/arm-none-eabi/13.3.1/../../../../arm-none-eabi/lib/thumb/v7e-m+dp/hard\libc_nano.a(libc_a-memset.o)
 .debug_frame   0x00003128       0x2c C:/ST/STM32CubeIDE_1.19.0/STM32CubeIDE/plugins/com.st.stm32cube.ide.mcu.externaltools.gnu-tools-for-stm32.13.3.rel1.win32_1.0.0.202411081344/tools/bin/../lib/gcc/arm-none-eabi/13.3.1/../../../../arm-none-eabi/lib/thumb/v7e-m+dp/hard\libc_nano.a(libc_a-init.o)
 .debug_frame   0x00003154       0x2c C:/ST/STM32CubeIDE_1.19.0/STM32CubeIDE/plugins/com.st.stm32cube.ide.mcu.externaltools.gnu-tools-for-stm32.13.3.rel1.win32_1.0.0.202411081344/tools/bin/../lib/gcc/arm-none-eabi/13.3.1/thumb/v7e-m+dp/hard\libgcc.a(_aeabi_uldivmod.o)
 .debug_frame   0x00003180       0x34 C:/ST/STM32CubeIDE_1.19.0/STM32CubeIDE/plugins/com.st.stm32cube.ide.mcu.externaltools.gnu-tools-for-stm32.13.3.rel1.win32_1.0.0.202411081344/tools/bin/../lib/gcc/arm-none-eabi/13.3.1/thumb/v7e-m+dp/hard\libgcc.a(_udivmoddi4.o)

.debug_line_str
                0x00000000       0x5e
 .debug_line_str
                0x00000000       0x5e ./Startup/startup_stm32h743vitx.o
