21:17:41 **** Incremental Build of configuration Debug for project STM32_Final ****
make -j16 all 
arm-none-eabi-gcc "../Core/Src/interface.c" -mcpu=cortex-m7 -std=gnu11 -g3 -DDEBUG -DUSE_PWR_LDO_SUPPLY -DUSE_HAL_DRIVER -DSTM32H743xx -c -I../Core/Inc -I../Drivers/STM32H7xx_HAL_Driver/Inc -I../Drivers/STM32H7xx_HAL_Driver/Inc/Legacy -I../Drivers/CMSIS/Device/ST/STM32H7xx/Include -I../Drivers/CMSIS/Include -O0 -ffunction-sections -fdata-sections -Wall -fstack-usage -fcyclomatic-complexity -MMD -MP -MF"Core/Src/interface.d" -MT"Core/Src/interface.o" --specs=nano.specs -mfpu=fpv5-d16 -mfloat-abi=hard -mthumb -o "Core/Src/interface.o"
arm-none-eabi-gcc -o "STM32_Final.elf" @"objects.list"   -mcpu=cortex-m7 -T"C:\Users\allan\Documents\AI_Wallet_Grade3\Basic\STM32\STM32_Final\STM32H743VITX_FLASH.ld" --specs=nosys.specs -Wl,-Map="STM32_Final.map" -Wl,--gc-sections -static -u _printf_float --specs=nano.specs -mfpu=fpv5-d16 -mfloat-abi=hard -mthumb -Wl,--start-group -lc -lm -Wl,--end-group
Finished building target: STM32_Final.elf
 
arm-none-eabi-size  STM32_Final.elf 
arm-none-eabi-objdump -h -S STM32_Final.elf  > "STM32_Final.list"
   text	   data	    bss	    dec	    hex	filename
 117392	    472	   3920	 121784	  1dbb8	STM32_Final.elf
Finished building: default.size.stdout
 
Finished building: STM32_Final.list
 

21:17:42 Build Finished. 0 errors, 0 warnings. (took 1s.154ms)

